Component: ARM Compiler 5.05 update 1 (build 106) Tool: armlink [4d0efa]

==============================================================================

Section Cross References

    main.o(i.main) refers to delay.o(i.delay_init) for delay_init
    main.o(i.main) refers to usart.o(i.uart_init) for uart_init
    main.o(i.main) refers to tftlcd.o(i.LCD_Init) for LCD_Init
    main.o(i.main) refers to tsensor.o(i.T_Adc_Init) for T_Adc_Init
    main.o(i.main) refers to tftlcd.o(i.LCD_ShowString) for LCD_ShowString
    main.o(i.main) refers to tsensor.o(i.T_Get_Adc_Average) for T_Get_Adc_Average
    main.o(i.main) refers to tftlcd.o(i.LCD_ShowxNum) for LCD_ShowxNum
    main.o(i.main) refers to fflt_clz.o(x$fpl$ffltu) for __aeabi_ui2f
    main.o(i.main) refers to f2d.o(x$fpl$f2d) for __aeabi_f2d
    main.o(i.main) refers to dmul.o(x$fpl$dmul) for __aeabi_dmul
    main.o(i.main) refers to d2f.o(x$fpl$d2f) for __aeabi_d2f
    main.o(i.main) refers to ffixu.o(x$fpl$ffixu) for __aeabi_f2uiz
    main.o(i.main) refers to faddsub_clz.o(x$fpl$frsb) for __aeabi_frsub
    main.o(i.main) refers to fmul.o(x$fpl$fmul) for __aeabi_fmul
    main.o(i.main) refers to daddsub_clz.o(x$fpl$drsb) for __aeabi_drsub
    main.o(i.main) refers to ddiv.o(x$fpl$ddiv) for __aeabi_ddiv
    main.o(i.main) refers to daddsub_clz.o(x$fpl$dadd) for __aeabi_dadd
    main.o(i.main) refers to delay.o(i.delay_ms) for delay_ms
    main.o(i.main) refers to tftlcd.o(.data) for POINT_COLOR
    startup_stm32f10x_md.o(STACK) refers (Special) to heapauxi.o(.text) for __use_two_region_memory
    startup_stm32f10x_md.o(HEAP) refers (Special) to heapauxi.o(.text) for __use_two_region_memory
    startup_stm32f10x_md.o(RESET) refers (Special) to heapauxi.o(.text) for __use_two_region_memory
    startup_stm32f10x_md.o(RESET) refers to startup_stm32f10x_md.o(STACK) for __initial_sp
    startup_stm32f10x_md.o(RESET) refers to startup_stm32f10x_md.o(.text) for Reset_Handler
    startup_stm32f10x_md.o(RESET) refers to stm32f10x_it.o(i.NMI_Handler) for NMI_Handler
    startup_stm32f10x_md.o(RESET) refers to stm32f10x_it.o(i.HardFault_Handler) for HardFault_Handler
    startup_stm32f10x_md.o(RESET) refers to stm32f10x_it.o(i.MemManage_Handler) for MemManage_Handler
    startup_stm32f10x_md.o(RESET) refers to stm32f10x_it.o(i.BusFault_Handler) for BusFault_Handler
    startup_stm32f10x_md.o(RESET) refers to stm32f10x_it.o(i.UsageFault_Handler) for UsageFault_Handler
    startup_stm32f10x_md.o(RESET) refers to stm32f10x_it.o(i.SVC_Handler) for SVC_Handler
    startup_stm32f10x_md.o(RESET) refers to stm32f10x_it.o(i.DebugMon_Handler) for DebugMon_Handler
    startup_stm32f10x_md.o(RESET) refers to stm32f10x_it.o(i.PendSV_Handler) for PendSV_Handler
    startup_stm32f10x_md.o(RESET) refers to stm32f10x_it.o(i.SysTick_Handler) for SysTick_Handler
    startup_stm32f10x_md.o(RESET) refers to usmart.o(i.TIM4_IRQHandler) for TIM4_IRQHandler
    startup_stm32f10x_md.o(RESET) refers to usart.o(i.USART1_IRQHandler) for USART1_IRQHandler
    startup_stm32f10x_md.o(.text) refers (Special) to heapauxi.o(.text) for __use_two_region_memory
    startup_stm32f10x_md.o(.text) refers to system_stm32f10x.o(i.SystemInit) for SystemInit
    startup_stm32f10x_md.o(.text) refers to __main.o(!!!main) for __main
    startup_stm32f10x_md.o(.text) refers to startup_stm32f10x_md.o(HEAP) for Heap_Mem
    startup_stm32f10x_md.o(.text) refers to startup_stm32f10x_md.o(STACK) for Stack_Mem
    system_stm32f10x.o(i.SetSysClock) refers to system_stm32f10x.o(i.SetSysClockTo72) for SetSysClockTo72
    system_stm32f10x.o(i.SystemCoreClockUpdate) refers to system_stm32f10x.o(.data) for SystemCoreClock
    system_stm32f10x.o(i.SystemInit) refers to system_stm32f10x.o(i.SetSysClock) for SetSysClock
    stm32f10x_adc.o(i.ADC_DeInit) refers to stm32f10x_rcc.o(i.RCC_APB2PeriphResetCmd) for RCC_APB2PeriphResetCmd
    stm32f10x_bkp.o(i.BKP_DeInit) refers to stm32f10x_rcc.o(i.RCC_BackupResetCmd) for RCC_BackupResetCmd
    stm32f10x_can.o(i.CAN_DeInit) refers to stm32f10x_rcc.o(i.RCC_APB1PeriphResetCmd) for RCC_APB1PeriphResetCmd
    stm32f10x_can.o(i.CAN_GetITStatus) refers to stm32f10x_can.o(i.CheckITStatus) for CheckITStatus
    stm32f10x_cec.o(i.CEC_DeInit) refers to stm32f10x_rcc.o(i.RCC_APB1PeriphResetCmd) for RCC_APB1PeriphResetCmd
    stm32f10x_dac.o(i.DAC_DeInit) refers to stm32f10x_rcc.o(i.RCC_APB1PeriphResetCmd) for RCC_APB1PeriphResetCmd
    stm32f10x_flash.o(i.FLASH_EnableWriteProtection) refers to stm32f10x_flash.o(i.FLASH_WaitForLastOperation) for FLASH_WaitForLastOperation
    stm32f10x_flash.o(i.FLASH_EraseAllBank1Pages) refers to stm32f10x_flash.o(i.FLASH_WaitForLastBank1Operation) for FLASH_WaitForLastBank1Operation
    stm32f10x_flash.o(i.FLASH_EraseAllPages) refers to stm32f10x_flash.o(i.FLASH_WaitForLastOperation) for FLASH_WaitForLastOperation
    stm32f10x_flash.o(i.FLASH_EraseOptionBytes) refers to stm32f10x_flash.o(i.FLASH_GetReadOutProtectionStatus) for FLASH_GetReadOutProtectionStatus
[...]
    ../clib/armsys.c                         0x00000000   Number         0  argv_veneer.o ABSOLUTE
    ../clib/armsys.c                         0x00000000   Number         0  argv_veneer.o ABSOLUTE
    ../clib/heapalloc.c                      0x00000000   Number         0  hrguard.o ABSOLUTE
    ../clib/heapaux.c                        0x00000000   Number         0  heapauxi.o ABSOLUTE
    ../clib/libinit.s                        0x00000000   Number         0  libshutdown2.o ABSOLUTE
    ../clib/libinit.s                        0x00000000   Number         0  libshutdown.o ABSOLUTE
    ../clib/libinit.s                        0x00000000   Number         0  libinit.o ABSOLUTE
    ../clib/libinit.s                        0x00000000   Number         0  libinit2.o ABSOLUTE
    ../clib/misc.s                           0x00000000   Number         0  printf_stubs.o ABSOLUTE
    ../clib/printf.c                         0x00000000   Number         0  __printf_wp.o ABSOLUTE
    ../clib/printf.c                         0x00000000   Number         0  _printf_dec.o ABSOLUTE
    ../clib/printf.c                         0x00000000   Number         0  __printf_flags_ss.o ABSOLUTE
    ../clib/printf.c                         0x00000000   Number         0  _printf_hex_ll.o ABSOLUTE
    ../clib/printf.c                         0x00000000   Number         0  _printf_hex_int.o ABSOLUTE
    ../clib/printf.c                         0x00000000   Number         0  __printf_flags.o ABSOLUTE
    ../clib/printf.c                         0x00000000   Number         0  _printf_hex_int_ll_ptr.o ABSOLUTE
    ../clib/printf.c                         0x00000000   Number         0  _printf_hex_ll_ptr.o ABSOLUTE
    ../clib/printf.c                         0x00000000   Number         0  _printf_hex_int_ll.o ABSOLUTE
    ../clib/printf.c                         0x00000000   Number         0  _printf_hex_ptr.o ABSOLUTE
    ../clib/printf.c                         0x00000000   Number         0  __printf_nopercent.o ABSOLUTE
    ../clib/printf.c                         0x00000000   Number         0  __printf_ss.o ABSOLUTE
    ../clib/printf.c                         0x00000000   Number         0  __printf_flags_ss_wp.o ABSOLUTE
    ../clib/printf.c                         0x00000000   Number         0  __2printf.o ABSOLUTE
    ../clib/printf.c                         0x00000000   Number         0  noretval__2printf.o ABSOLUTE
    ../clib/printf.c                         0x00000000   Number         0  _printf_char_common.o ABSOLUTE
    ../clib/printf.c                         0x00000000   Number         0  __printf_ss_wp.o ABSOLUTE
    ../clib/printf.c                         0x00000000   Number         0  __printf.o ABSOLUTE
    ../clib/printf.c                         0x00000000   Number         0  _printf_pad.o ABSOLUTE
    ../clib/printf.c                         0x00000000   Number         0  _printf_char_file.o ABSOLUTE
    ../clib/printf.c                         0x00000000   Number         0  _printf_char.o ABSOLUTE
    ../clib/printf.c                         0x00000000   Number         0  _printf_intcommon.o ABSOLUTE
    ../clib/printf.c                         0x00000000   Number         0  __printf_flags_wp.o ABSOLUTE
    ../clib/printf.c                         0x00000000   Number         0  _printf_str.o ABSOLUTE
    ../clib/printf.c                         0x00000000   Number         0  _printf_hex_int_ptr.o ABSOLUTE
    ../clib/printf_percent.s                 0x00000000   Number         0  _printf_x.o ABSOLUTE
    ../clib/printf_percent.s                 0x00000000   Number         0  _printf_u.o ABSOLUTE
    ../clib/printf_percent.s                 0x00000000   Number         0  _printf_percent.o ABSOLUTE
    ../clib/printf_percent.s                 0x00000000   Number         0  _printf_percent_end.o ABSOLUTE
    ../clib/printf_percent.s                 0x00000000   Number         0  _printf_d.o ABSOLUTE
    ../clib/printf_percent.s                 0x00000000   Number         0  _printf_c.o ABSOLUTE
    ../clib/printf_percent.s                 0x00000000   Number         0  _printf_s.o ABSOLUTE
    ../clib/signal.c                         0x00000000   Number         0  defsig_exit.o ABSOLUTE
    ../clib/signal.c                         0x00000000   Number         0  defsig_rtmem_inner.o ABSOLUTE
    ../clib/signal.c                         0x00000000   Number         0  __raise.o ABSOLUTE
    ../clib/signal.c                         0x00000000   Number         0  defsig_general.o ABSOLUTE
    ../clib/signal.c                         0x00000000   Number         0  defsig_other.o ABSOLUTE
    ../clib/signal.c                         0x00000000   Number         0  defsig_segv_inner.o ABSOLUTE
    ../clib/signal.c                         0x00000000   Number         0  defsig_cppl_inner.o ABSOLUTE
    ../clib/signal.c                         0x00000000   Number         0  defsig_pvfn_inner.o ABSOLUTE
    ../clib/signal.c                         0x00000000   Number         0  defsig_stak_inner.o ABSOLUTE
    ../clib/signal.c                         0x00000000   Number         0  defsig_rtred_inner.o ABSOLUTE
    ../clib/signal.c                         0x00000000   Number         0  defsig_fpe_inner.o ABSOLUTE
    ../clib/signal.c                         0x00000000   Number         0  defsig_abrt_inner.o ABSOLUTE
    ../clib/signal.c                         0x00000000   Number         0  defsig_rtmem_outer.o ABSOLUTE
    ../clib/signal.c                         0x00000000   Number         0  defsig_rtmem_formal.o ABSOLUTE
    ../clib/signal.s                         0x00000000   Number         0  defsig.o ABSOLUTE
    ../clib/stdio.c                          0x00000000   Number         0  ferror_locked.o ABSOLUTE
    ../clib/stdio.c                          0x00000000   Number         0  ferror.o ABSOLUTE
    ../clib/stdlib.c                         0x00000000   Number         0  exit.o ABSOLUTE
    ../fplib/d2f.s                           0x00000000   Number         0  d2f.o ABSOLUTE
    ../fplib/daddsub.s                       0x00000000   Number         0  daddsub_clz.o ABSOLUTE
    ../fplib/ddiv.s                          0x00000000   Number         0  ddiv.o ABSOLUTE
    ../fplib/dfixu.s                         0x00000000   Number         0  dfixu.o ABSOLUTE
    ../fplib/dflt.s                          0x00000000   Number         0  dflt_clz.o ABSOLUTE
    ../fplib/dmul.s                          0x00000000   Number         0  dmul.o ABSOLUTE
    ../fplib/dnaninf.s                       0x00000000   Number         0  dnaninf.o ABSOLUTE
    ../fplib/dretinf.s                       0x00000000   Number         0  dretinf.o ABSOLUTE
    ../fplib/f2d.s                           0x00000000   Number         0  f2d.o ABSOLUTE
    ../fplib/faddsub.s                       0x00000000   Number         0  faddsub_clz.o ABSOLUTE
    ../fplib/ffixu.s                         0x00000000   Number         0  ffixu.o ABSOLUTE
    ../fplib/fflt.s                          0x00000000   Number         0  fflt_clz.o ABSOLUTE
    ../fplib/fmul.s                          0x00000000   Number         0  fmul.o ABSOLUTE
    ../fplib/fnaninf.s                       0x00000000   Number         0  fnaninf.o ABSOLUTE
    ../fplib/fpinit.s                        0x00000000   Number         0  fpinit.o ABSOLUTE
    ../fplib/fretinf.s                       0x00000000   Number         0  fretinf.o ABSOLUTE
    ../fplib/usenofp.s                       0x00000000   Number         0  usenofp.o ABSOLUTE
    ..\HARDWARE\KEY\KEY.c                    0x00000000   Number         0  key.o ABSOLUTE
    ..\HARDWARE\LED\led.c                    0x00000000   Number         0  led.o ABSOLUTE
    ..\HARDWARE\TFTLCD\TFTLCD.c              0x00000000   Number         0  tftlcd.o ABSOLUTE
    ..\HARDWARE\TSENSOR\tsensor.c            0x00000000   Number         0  tsensor.o ABSOLUTE
    ..\Library\misc.c                        0x00000000   Number         0  misc.o ABSOLUTE
    ..\Library\stm32f10x_adc.c               0x00000000   Number         0  stm32f10x_adc.o ABSOLUTE
    ..\Library\stm32f10x_bkp.c               0x00000000   Number         0  stm32f10x_bkp.o ABSOLUTE
    ..\Library\stm32f10x_can.c               0x00000000   Number         0  stm32f10x_can.o ABSOLUTE
    ..\Library\stm32f10x_cec.c               0x00000000   Number         0  stm32f10x_cec.o ABSOLUTE
    ..\Library\stm32f10x_crc.c               0x00000000   Number         0  stm32f10x_crc.o ABSOLUTE
    ..\Library\stm32f10x_dac.c               0x00000000   Number         0  stm32f10x_dac.o ABSOLUTE
    ..\Library\stm32f10x_dbgmcu.c            0x00000000   Number         0  stm32f10x_dbgmcu.o ABSOLUTE
    ..\Library\stm32f10x_dma.c               0x00000000   Number         0  stm32f10x_dma.o ABSOLUTE
    ..\Library\stm32f10x_exti.c              0x00000000   Number         0  stm32f10x_exti.o ABSOLUTE
    ..\Library\stm32f10x_flash.c             0x00000000   Number         0  stm32f10x_flash.o ABSOLUTE
    ..\Library\stm32f10x_fsmc.c              0x00000000   Number         0  stm32f10x_fsmc.o ABSOLUTE
    ..\Library\stm32f10x_gpio.c              0x00000000   Number         0  stm32f10x_gpio.o ABSOLUTE
    ..\Library\stm32f10x_i2c.c               0x00000000   Number         0  stm32f10x_i2c.o ABSOLUTE
    ..\Library\stm32f10x_iwdg.c              0x00000000   Number         0  stm32f10x_iwdg.o ABSOLUTE
    ..\Library\stm32f10x_pwr.c               0x00000000   Number         0  stm32f10x_pwr.o ABSOLUTE
    ..\Library\stm32f10x_rcc.c               0x00000000   Number         0  stm32f10x_rcc.o ABSOLUTE
    ..\Library\stm32f10x_rtc.c               0x00000000   Number         0  stm32f10x_rtc.o ABSOLUTE
    ..\Library\stm32f10x_sdio.c              0x00000000   Number         0  stm32f10x_sdio.o ABSOLUTE
    ..\Library\stm32f10x_spi.c               0x00000000   Number         0  stm32f10x_spi.o ABSOLUTE
    ..\Library\stm32f10x_tim.c               0x00000000   Number         0  stm32f10x_tim.o ABSOLUTE
    ..\Library\stm32f10x_usart.c             0x00000000   Number         0  stm32f10x_usart.o ABSOLUTE
    ..\Library\stm32f10x_wwdg.c              0x00000000   Number         0  stm32f10x_wwdg.o ABSOLUTE
    ..\SYSTEM\delay\delay.c                  0x00000000   Number         0  delay.o ABSOLUTE
    ..\SYSTEM\sys\sys.c                      0x00000000   Number         0  sys.o ABSOLUTE
    ..\SYSTEM\usart\usart.c                  0x00000000   Number         0  usart.o ABSOLUTE
    ..\Start\core_cm3.c                      0x00000000   Number         0  core_cm3.o ABSOLUTE
    ..\Start\startup_stm32f10x_md.s          0x00000000   Number         0  startup_stm32f10x_md.o ABSOLUTE
    ..\Start\system_stm32f10x.c              0x00000000   Number         0  system_stm32f10x.o ABSOLUTE
    ..\USER\main.c                           0x00000000   Number         0  main.o ABSOLUTE
    ..\USER\stm32f10x_it.c                   0x00000000   Number         0  stm32f10x_it.o ABSOLUTE
    ..\USMART\usmart.c                       0x00000000   Number         0  usmart.o ABSOLUTE
    ..\USMART\usmart_config.c                0x00000000   Number         0  usmart_config.o ABSOLUTE
    ..\USMART\usmart_str.c                   0x00000000   Number         0  usmart_str.o ABSOLUTE
    ..\\SYSTEM\\sys\\sys.c                   0x00000000   Number         0  sys.o ABSOLUTE
    ..\\Start\\core_cm3.c                    0x00000000   Number         0  core_cm3.o ABSOLUTE
    dc.s                                     0x00000000   Number         0  dc.o ABSOLUTE
    RESET                                    0x08000000   Section      236  startup_stm32f10x_md.o(RESET)
    !!!main                                  0x080000ec   Section        8  __main.o(!!!main)
    !!!scatter                               0x080000f4   Section       52  __scatter.o(!!!scatter)
    !!dczerorl2                              0x08000128   Section       90  __dczerorl2.o(!!dczerorl2)
    !!handler_zi                             0x08000184   Section       28  __scatter_zi.o(!!handler_zi)
    .ARM.Collect$$_printf_percent$$00000000  0x080001a0   Section        0  _printf_percent.o(.ARM.Collect$$_printf_percent$$00000000)
    .ARM.Collect$$_printf_percent$$00000009  0x080001a0   Section        6  _printf_d.o(.ARM.Collect$$_printf_percent$$00000009)
    .ARM.Collect$$_printf_percent$$0000000A  0x080001a6   Section        6  _printf_u.o(.ARM.Collect$$_printf_percent$$0000000A)
    .ARM.Collect$$_printf_percent$$0000000C  0x080001ac   Section        6  _printf_x.o(.ARM.Collect$$_printf_percent$$0000000C)
    .ARM.Collect$$_printf_percent$$00000013  0x080001b2   Section        6  _printf_c.o(.ARM.Collect$$_printf_percent$$00000013)
    .ARM.Collect$$_printf_percent$$00000014  0x080001b8   Section        6  _printf_s.o(.ARM.Collect$$_printf_percent$$00000014)
    .ARM.Collect$$_printf_percent$$00000017  0x080001be   Section        4  _printf_percent_end.o(.ARM.Collect$$_printf_percent$$00000017)
    .ARM.Collect$$libinit$$00000000          0x080001c2   Section        2  libinit.o(.ARM.Collect$$libinit$$00000000)
    .ARM.Collect$$libinit$$00000002          0x080001c4   Section        0  libinit2.o(.ARM.Collect$$libinit$$00000002)
    .ARM.Collect$$libinit$$00000004          0x080001c4   Section        0  libinit2.o(.ARM.Collect$$libinit$$00000004)
    .ARM.Collect$$libinit$$0000000A          0x080001c4   Section        0  libinit2.o(.ARM.Collect$$libinit$$0000000A)
    .ARM.Collect$$libinit$$0000000C          0x080001c4   Section        0  libinit2.o(.ARM.Collect$$libinit$$0000000C)
    .ARM.Collect$$libinit$$0000000E          0x080001c4   Section        0  libinit2.o(.ARM.Collect$$libinit$$0000000E)
    .ARM.Collect$$libinit$$00000011          0x080001c4   Section        0  libinit2.o(.ARM.Collect$$libinit$$00000011)
    .ARM.Collect$$libinit$$00000013          0x080001c4   Section        0  libinit2.o(.ARM.Collect$$libinit$$00000013)
    .ARM.Collect$$libinit$$00000015          0x080001c4   Section        0  libinit2.o(.ARM.Collect$$libinit$$00000015)
    .ARM.Collect$$libinit$$00000017          0x080001c4   Section        0  libinit2.o(.ARM.Collect$$libinit$$00000017)
    .ARM.Collect$$libinit$$00000019          0x080001c4   Section        0  libinit2.o(.ARM.Collect$$libinit$$00000019)
    .ARM.Collect$$libinit$$0000001B          0x080001c4   Section        0  libinit2.o(.ARM.Collect$$libinit$$0000001B)
    .ARM.Collect$$libinit$$0000001D          0x080001c4   Section        0  libinit2.o(.ARM.Collect$$libinit$$0000001D)
    .ARM.Collect$$libinit$$0000001F          0x080001c4   Section        0  libinit2.o(.ARM.Collect$$libinit$$0000001F)
    .ARM.Collect$$libinit$$00000021          0x080001c4   Section        0  libinit2.o(.ARM.Collect$$libinit$$00000021)
    .ARM.Collect$$libinit$$00000023          0x080001c4   Section        0  libinit2.o(.ARM.Collect$$libinit$$00000023)
    .ARM.Collect$$libinit$$00000025          0x080001c4   Section        0  libinit2.o(.ARM.Collect$$libinit$$00000025)
    .ARM.Collect$$libinit$$0000002C          0x080001c4   Section        0  libinit2.o(.ARM.Collect$$libinit$$0000002C)
    .ARM.Collect$$libinit$$0000002E          0x080001c4   Section        0  libinit2.o(.ARM.Collect$$libinit$$0000002E)
    .ARM.Collect$$libinit$$00000030          0x080001c4   Section        0  libinit2.o(.ARM.Collect$$libinit$$00000030)
    .ARM.Collect$$libinit$$00000032          0x080001c4   Section        0  libinit2.o(.ARM.Collect$$libinit$$00000032)
    .ARM.Collect$$libinit$$00000033          0x080001c4   Section        2  libinit2.o(.ARM.Collect$$libinit$$00000033)
    .ARM.Collect$$libshutdown$$00000000      0x080001c6   Section        2  libshutdown.o(.ARM.Collect$$libshutdown$$00000000)
    .ARM.Collect$$libshutdown$$00000003      0x080001c8   Section        0  libshutdown2.o(.ARM.Collect$$libshutdown$$00000003)
    .ARM.Collect$$libshutdown$$00000006      0x080001c8   Section        0  libshutdown2.o(.ARM.Collect$$libshutdown$$00000006)
    .ARM.Collect$$libshutdown$$00000009      0x080001c8   Section        0  libshutdown2.o(.ARM.Collect$$libshutdown$$00000009)
    .ARM.Collect$$libshutdown$$0000000B      0x080001c8   Section        0  libshutdown2.o(.ARM.Collect$$libshutdown$$0000000B)
    .ARM.Collect$$libshutdown$$0000000E      0x080001c8   Section        0  libshutdown2.o(.ARM.Collect$$libshutdown$$0000000E)
    .ARM.Collect$$libshutdown$$0000000F      0x080001c8   Section        2  libshutdown2.o(.ARM.Collect$$libshutdown$$0000000F)
    .ARM.Collect$$rtentry$$00000000          0x080001ca   Section        0  __rtentry.o(.ARM.Collect$$rtentry$$00000000)
    .ARM.Collect$$rtentry$$00000002          0x080001ca   Section        0  __rtentry2.o(.ARM.Collect$$rtentry$$00000002)
    .ARM.Collect$$rtentry$$00000004          0x080001ca   Section        6  __rtentry4.o(.ARM.Collect$$rtentry$$00000004)
    .ARM.Collect$$rtentry$$00000009          0x080001d0   Section        0  __rtentry2.o(.ARM.Collect$$rtentry$$00000009)
    .ARM.Collect$$rtentry$$0000000A          0x080001d0   Section        4  __rtentry2.o(.ARM.Collect$$rtentry$$0000000A)
    .ARM.Collect$$rtentry$$0000000C          0x080001d4   Section        0  __rtentry2.o(.ARM.Collect$$rtentry$$0000000C)
    .ARM.Collect$$rtentry$$0000000D          0x080001d4   Section        8  __rtentry2.o(.ARM.Collect$$rtentry$$0000000D)
    .ARM.Collect$$rtexit$$00000000           0x080001dc   Section        2  rtexit.o(.ARM.Collect$$rtexit$$00000000)
    .ARM.Collect$$rtexit$$00000002           0x080001de   Section        0  rtexit2.o(.ARM.Collect$$rtexit$$00000002)
    .ARM.Collect$$rtexit$$00000003           0x080001de   Section        4  rtexit2.o(.ARM.Collect$$rtexit$$00000003)
    .ARM.Collect$$rtexit$$00000004           0x080001e2   Section        6  rtexit2.o(.ARM.Collect$$rtexit$$00000004)
    .text                                    0x080001e8   Section       64  startup_stm32f10x_md.o(.text)
    .text                                    0x08000228   Section        2  use_no_semi_2.o(.text)
    .text                                    0x0800022c   Section        0  noretval__2printf.o(.text)
    .text                                    0x08000244   Section        0  _printf_pad.o(.text)
    .text                                    0x08000292   Section        0  _printf_str.o(.text)
    .text                                    0x080002e4   Section        0  _printf_dec.o(.text)
    .text                                    0x0800035c   Section        0  _printf_hex_int.o(.text)
    .text                                    0x080003b4   Section        0  __printf_flags_ss_wp.o(.text)
    .text                                    0x0800053c   Section        0  heapauxi.o(.text)
    .text                                    0x08000542   Section        2  use_no_semi.o(.text)
    .text                                    0x08000544   Section        0  _printf_intcommon.o(.text)
    .text                                    0x080005f6   Section        0  _printf_char.o(.text)
    .text                                    0x08000624   Section        0  _printf_char_file.o(.text)
    .text                                    0x08000648   Section        0  _printf_char_common.o(.text)
    _printf_input_char                       0x08000649   Thumb Code    10  _printf_char_common.o(.text)
    .text                                    0x08000678   Section        0  ferror.o(.text)
    .text                                    0x08000680   Section       74  sys_stackheap_outer.o(.text)
    .text                                    0x080006ca   Section        0  exit.o(.text)
    .text                                    0x080006d8   Section        8  libspace.o(.text)
    i.ADC_Cmd                                0x080006e0   Section        0  stm32f10x_adc.o(i.ADC_Cmd)
    i.ADC_DeInit                             0x080006f8   Section        0  stm32f10x_adc.o(i.ADC_DeInit)
    i.ADC_GetCalibrationStatus               0x08000754   Section        0  stm32f10x_adc.o(i.ADC_GetCalibrationStatus)
    i.ADC_GetConversionValue                 0x08000768   Section        0  stm32f10x_adc.o(i.ADC_GetConversionValue)
    i.ADC_GetFlagStatus                      0x08000770   Section        0  stm32f10x_adc.o(i.ADC_GetFlagStatus)
    i.ADC_GetResetCalibrationStatus          0x08000782   Section        0  stm32f10x_adc.o(i.ADC_GetResetCalibrationStatus)
    i.ADC_Init                               0x08000798   Section        0  stm32f10x_adc.o(i.ADC_Init)
    i.ADC_RegularChannelConfig               0x080007e8   Section        0  stm32f10x_adc.o(i.ADC_RegularChannelConfig)
    i.ADC_ResetCalibration                   0x080008a0   Section        0  stm32f10x_adc.o(i.ADC_ResetCalibration)
    i.ADC_SoftwareStartConvCmd               0x080008aa   Section        0  stm32f10x_adc.o(i.ADC_SoftwareStartConvCmd)
    i.ADC_StartCalibration                   0x080008c0   Section        0  stm32f10x_adc.o(i.ADC_StartCalibration)
    i.ADC_TempSensorVrefintCmd               0x080008cc   Section        0  stm32f10x_adc.o(i.ADC_TempSensorVrefintCmd)
    i.BusFault_Handler                       0x080008f0   Section        0  stm32f10x_it.o(i.BusFault_Handler)
    i.DebugMon_Handler                       0x080008f4   Section        0  stm32f10x_it.o(i.DebugMon_Handler)
    i.GPIO_Init                              0x080008f6   Section        0  stm32f10x_gpio.o(i.GPIO_Init)
    i.GPIO_PinRemapConfig                    0x08000a0c   Section        0  stm32f10x_gpio.o(i.GPIO_PinRemapConfig)
    i.GPIO_SetBits                           0x08000a9c   Section        0  stm32f10x_gpio.o(i.GPIO_SetBits)
    i.HardFault_Handler                      0x08000aa0   Section        0  stm32f10x_it.o(i.HardFault_Handler)
    i.LCD_Clear                              0x08000aa4   Section        0  tftlcd.o(i.LCD_Clear)
    i.LCD_Display_Dir                        0x08000af0   Section        0  tftlcd.o(i.LCD_Display_Dir)
    i.LCD_Fast_DrawPoint                     0x08000b38   Section        0  tftlcd.o(i.LCD_Fast_DrawPoint)
    i.LCD_Init                               0x08000c00   Section        0  tftlcd.o(i.LCD_Init)
    i.LCD_Pow                                0x08000f20   Section        0  tftlcd.o(i.LCD_Pow)
    i.LCD_RD_DATA                            0x08000f38   Section        0  tftlcd.o(i.LCD_RD_DATA)
    i.LCD_Scan_Dir                           0x08000f98   Section        0  tftlcd.o(i.LCD_Scan_Dir)
    i.LCD_SetCursor                          0x08001338   Section        0  tftlcd.o(i.LCD_SetCursor)
    i.LCD_ShowChar                           0x080013cc   Section        0  tftlcd.o(i.LCD_ShowChar)
    i.LCD_ShowString                         0x080014f4   Section        0  tftlcd.o(i.LCD_ShowString)
    i.LCD_ShowxNum                           0x0800155a   Section        0  tftlcd.o(i.LCD_ShowxNum)
    i.LCD_WR_DATAX                           0x08001618   Section        0  tftlcd.o(i.LCD_WR_DATAX)
    i.LCD_WR_REG                             0x0800163c   Section        0  tftlcd.o(i.LCD_WR_REG)
    i.LCD_WriteRAM_Prepare                   0x08001660   Section        0  tftlcd.o(i.LCD_WriteRAM_Prepare)
    i.LCD_WriteReg                           0x08001670   Section        0  tftlcd.o(i.LCD_WriteReg)
    i.MemManage_Handler                      0x080016a0   Section        0  stm32f10x_it.o(i.MemManage_Handler)
    i.NMI_Handler                            0x080016a4   Section        0  stm32f10x_it.o(i.NMI_Handler)
    i.NVIC_Init                              0x080016a8   Section        0  misc.o(i.NVIC_Init)
    i.PendSV_Handler                         0x08001718   Section        0  stm32f10x_it.o(i.PendSV_Handler)
    i.RCC_ADCCLKConfig                       0x0800171c   Section        0  stm32f10x_rcc.o(i.RCC_ADCCLKConfig)
    i.RCC_APB1PeriphClockCmd                 0x08001734   Section        0  stm32f10x_rcc.o(i.RCC_APB1PeriphClockCmd)
    i.RCC_APB2PeriphClockCmd                 0x08001754   Section        0  stm32f10x_rcc.o(i.RCC_APB2PeriphClockCmd)
    i.RCC_APB2PeriphResetCmd                 0x08001774   Section        0  stm32f10x_rcc.o(i.RCC_APB2PeriphResetCmd)
    i.RCC_GetClocksFreq                      0x08001794   Section        0  stm32f10x_rcc.o(i.RCC_GetClocksFreq)
    i.SVC_Handler                            0x08001868   Section        0  stm32f10x_it.o(i.SVC_Handler)
    i.SetSysClock                            0x0800186a   Section        0  system_stm32f10x.o(i.SetSysClock)
    SetSysClock                              0x0800186b   Thumb Code     8  system_stm32f10x.o(i.SetSysClock)
    i.SetSysClockTo72                        0x08001874   Section        0  system_stm32f10x.o(i.SetSysClockTo72)
    SetSysClockTo72                          0x08001875   Thumb Code   214  system_stm32f10x.o(i.SetSysClockTo72)
    i.SysTick_CLKSourceConfig                0x08001954   Section        0  misc.o(i.SysTick_CLKSourceConfig)
    i.SysTick_Handler                        0x0800197c   Section        0  stm32f10x_it.o(i.SysTick_Handler)
    i.SystemInit                             0x08001980   Section        0  system_stm32f10x.o(i.SystemInit)
    i.TIM4_IRQHandler                        0x080019e0   Section        0  usmart.o(i.TIM4_IRQHandler)
    i.TIM_Cmd                                0x08001a1c   Section        0  stm32f10x_tim.o(i.TIM_Cmd)
    i.TIM_ITConfig                           0x08001a34   Section        0  stm32f10x_tim.o(i.TIM_ITConfig)
    i.TIM_TimeBaseInit                       0x08001a48   Section        0  stm32f10x_tim.o(i.TIM_TimeBaseInit)
    i.T_Adc_Init                             0x08001aec   Section        0  tsensor.o(i.T_Adc_Init)
    i.T_Get_Adc                              0x08001b68   Section        0  tsensor.o(i.T_Get_Adc)
    i.T_Get_Adc_Average                      0x08001b9c   Section        0  tsensor.o(i.T_Get_Adc_Average)
    i.Timer4_Init                            0x08001bcc   Section        0  usmart.o(i.Timer4_Init)
    i.USART1_IRQHandler                      0x08001c28   Section        0  usart.o(i.USART1_IRQHandler)
    i.USART_Cmd                              0x08001cb0   Section        0  stm32f10x_usart.o(i.USART_Cmd)
    i.USART_GetITStatus                      0x08001cc8   Section        0  stm32f10x_usart.o(i.USART_GetITStatus)
    i.USART_ITConfig                         0x08001d1c   Section        0  stm32f10x_usart.o(i.USART_ITConfig)
    i.USART_Init                             0x08001d68   Section        0  stm32f10x_usart.o(i.USART_Init)
    i.USART_ReceiveData                      0x08001e40   Section        0  stm32f10x_usart.o(i.USART_ReceiveData)
    i.UsageFault_Handler                     0x08001e4a   Section        0  stm32f10x_it.o(i.UsageFault_Handler)
    i._is_digit                              0x08001e4e   Section        0  __printf_wp.o(i._is_digit)
    i._sys_exit                              0x08001e5c   Section        0  usart.o(i._sys_exit)
    i.delay_init                             0x08001e60   Section        0  delay.o(i.delay_init)
    i.delay_ms                               0x08001ea4   Section        0  delay.o(i.delay_ms)
    i.delay_us                               0x08001ef0   Section        0  delay.o(i.delay_us)
    i.fputc                                  0x08001f3c   Section        0  usart.o(i.fputc)
    i.main                                   0x08001f58   Section        0  main.o(i.main)
    i.opt_delay                              0x08002134   Section        0  tftlcd.o(i.opt_delay)
    i.read_addr                              0x08002142   Section        0  usmart.o(i.read_addr)
    i.uart_init                              0x08002148   Section        0  usart.o(i.uart_init)
    i.usmart_cmd_rec                         0x080021e8   Section        0  usmart.o(i.usmart_cmd_rec)
    i.usmart_exe                             0x08002298   Section        0  usmart.o(i.usmart_exe)
    i.usmart_get_aparm                       0x08002570   Section        0  usmart_str.o(i.usmart_get_aparm)
    i.usmart_get_cmdname                     0x08002638   Section        0  usmart_str.o(i.usmart_get_cmdname)
    i.usmart_get_fname                       0x08002670   Section        0  usmart_str.o(i.usmart_get_fname)
    i.usmart_get_fparam                      0x08002830   Section        0  usmart_str.o(i.usmart_get_fparam)
    i.usmart_get_parmpos                     0x0800293c   Section        0  usmart_str.o(i.usmart_get_parmpos)
    i.usmart_get_runtime                     0x0800295c   Section        0  usmart.o(i.usmart_get_runtime)
    i.usmart_init                            0x0800299c   Section        0  usmart.o(i.usmart_init)
    i.usmart_pow                             0x080029c4   Section        0  usmart_str.o(i.usmart_pow)
    i.usmart_reset_runtime                   0x080029dc   Section        0  usmart.o(i.usmart_reset_runtime)
    i.usmart_scan                            0x08002a0c   Section        0  usmart.o(i.usmart_scan)
    i.usmart_search_nextc                    0x08002ac8   Section        0  usmart_str.o(i.usmart_search_nextc)
    i.usmart_str2num                         0x08002ade   Section        0  usmart_str.o(i.usmart_str2num)
    i.usmart_strcmp                          0x08002ba8   Section        0  usmart_str.o(i.usmart_strcmp)
    i.usmart_strcopy                         0x08002bca   Section        0  usmart_str.o(i.usmart_strcopy)
    i.usmart_strlen                          0x08002be0   Section        0  usmart_str.o(i.usmart_strlen)
    i.usmart_sys_cmd_exe                     0x08002bf8   Section        0  usmart.o(i.usmart_sys_cmd_exe)
    i.write_addr                             0x080032dc   Section        0  usmart.o(i.write_addr)
    x$fpl$d2f                                0x080032e0   Section       98  d2f.o(x$fpl$d2f)
    x$fpl$dadd                               0x08003344   Section      336  daddsub_clz.o(x$fpl$dadd)
    _dadd1                                   0x08003355   Thumb Code     0  daddsub_clz.o(x$fpl$dadd)
    x$fpl$ddiv                               0x08003494   Section      688  ddiv.o(x$fpl$ddiv)
    ddiv_entry                               0x0800349b   Thumb Code     0  ddiv.o(x$fpl$ddiv)
    x$fpl$dmul                               0x08003744   Section      340  dmul.o(x$fpl$dmul)
    x$fpl$dnaninf                            0x08003898   Section      156  dnaninf.o(x$fpl$dnaninf)
    x$fpl$dretinf                            0x08003934   Section       12  dretinf.o(x$fpl$dretinf)
    x$fpl$drsb                               0x08003940   Section       22  daddsub_clz.o(x$fpl$drsb)
    x$fpl$dsub                               0x08003958   Section      468  daddsub_clz.o(x$fpl$dsub)
    _dsub1                                   0x08003969   Thumb Code     0  daddsub_clz.o(x$fpl$dsub)
    x$fpl$f2d                                0x08003b2c   Section       86  f2d.o(x$fpl$f2d)
    x$fpl$fadd                               0x08003b84   Section      196  faddsub_clz.o(x$fpl$fadd)
    _fadd1                                   0x08003b93   Thumb Code     0  faddsub_clz.o(x$fpl$fadd)
    x$fpl$ffixu                              0x08003c48   Section       62  ffixu.o(x$fpl$ffixu)
    x$fpl$ffltu                              0x08003c88   Section       38  fflt_clz.o(x$fpl$ffltu)
    x$fpl$fmul                               0x08003cb0   Section      258  fmul.o(x$fpl$fmul)
    x$fpl$fnaninf                            0x08003db2   Section      140  fnaninf.o(x$fpl$fnaninf)
    x$fpl$fretinf                            0x08003e3e   Section       10  fretinf.o(x$fpl$fretinf)
    x$fpl$frsb                               0x08003e48   Section       20  faddsub_clz.o(x$fpl$frsb)
    x$fpl$fsub                               0x08003e5c   Section      234  faddsub_clz.o(x$fpl$fsub)
    _fsub1                                   0x08003e6b   Thumb Code     0  faddsub_clz.o(x$fpl$fsub)
    .constdata                               0x08003f46   Section     6080  tftlcd.o(.constdata)
    x$fpl$usenofp                            0x08003f46   Section        0  usenofp.o(x$fpl$usenofp)
    .constdata                               0x08005706   Section       40  _printf_hex_int.o(.constdata)
    uc_hextab                                0x08005706   Data          20  _printf_hex_int.o(.constdata)
    lc_hextab                                0x0800571a   Data          20  _printf_hex_int.o(.constdata)
    .constdata                               0x0800572e   Section       17  __printf_flags_ss_wp.o(.constdata)
    maptable                                 0x0800572e   Data          17  __printf_flags_ss_wp.o(.constdata)
    .conststring                             0x08005740   Section       40  usmart.o(.conststring)
    .conststring                             0x08005768   Section      107  usmart_config.o(.conststring)
    .data                                    0x20000000   Section       20  system_stm32f10x.o(.data)
    .data                                    0x20000014   Section       20  stm32f10x_rcc.o(.data)
    APBAHBPrescTable                         0x20000014   Data          16  stm32f10x_rcc.o(.data)
    ADCPrescTable                            0x20000024   Data           4  stm32f10x_rcc.o(.data)
    .data                                    0x20000028   Section        4  delay.o(.data)
    fac_us                                   0x20000028   Data           1  delay.o(.data)
    fac_ms                                   0x2000002a   Data           2  delay.o(.data)
    .data                                    0x2000002c   Section        6  usart.o(.data)
    .data                                    0x20000032   Section        4  tftlcd.o(.data)
    .data                                    0x20000038   Section       28  usmart.o(.data)
    .data                                    0x20000054   Section      276  usmart_config.o(.data)
    .bss                                     0x20000168   Section      200  usart.o(.bss)
    .bss                                     0x20000230   Section       14  tftlcd.o(.bss)
    .bss                                     0x20000240   Section       96  libspace.o(.bss)
    HEAP                                     0x200002a0   Section      512  startup_stm32f10x_md.o(HEAP)
    Heap_Mem                                 0x200002a0   Data         512  startup_stm32f10x_md.o(HEAP)
    STACK                                    0x200004a0   Section     1024  startup_stm32f10x_md.o(STACK)
    Stack_Mem                                0x200004a0   Data        1024  startup_stm32f10x_md.o(STACK)
    __initial_sp                             0x200008a0   Data           0  startup_stm32f10x_md.o(STACK)

    Global Symbols

    Symbol Name                              Value     Ov Type        Size  Object(Section)

    BuildAttributes$$THM_ISAv4$P$D$K$B$S$PE$A:L22UL41UL21$X:L11$S22US41US21$IEEE1$IW$USESV6$~STKCKD$USESV7$~SHL$OSPACE$ROPI$EBA8$UX$STANDARDLIB$REQ8$PRES8$EABIv2 0x00000000   Number         0  anon$$obj.o ABSOLUTE
    __ARM_use_no_argv                        0x00000000   Number         0  main.o ABSOLUTE
    _printf_flags                            0x00000000   Number         0  printf_stubs.o ABSOLUTE
    _printf_return_value                     0x00000000   Number         0  printf_stubs.o ABSOLUTE
    _printf_sizespec                         0x00000000   Number         0  printf_stubs.o ABSOLUTE
    _printf_widthprec                        0x00000000   Number         0  printf_stubs.o ABSOLUTE
    __ARM_exceptions_init                     - Undefined Weak Reference
    __alloca_initialize                       - Undefined Weak Reference
    __arm_preinit_                            - Undefined Weak Reference
    __cpp_initialize__aeabi_                  - Undefined Weak Reference
    __cxa_finalize                            - Undefined Weak Reference
    __rt_locale                               - Undefined Weak Reference
    __sigvec_lookup                           - Undefined Weak Reference
    _atexit_init                              - Undefined Weak Reference
    _call_atexit_fns                          - Undefined Weak Reference
    _clock_init                               - Undefined Weak Reference
    _fp_trap_init                             - Undefined Weak Reference
    _fp_trap_shutdown                         - Undefined Weak Reference
    _get_lc_collate                           - Undefined Weak Reference
    _get_lc_ctype                             - Undefined Weak Reference
    _get_lc_monetary                          - Undefined Weak Reference
    _get_lc_numeric                           - Undefined Weak Reference
    _get_lc_time                              - Undefined Weak Reference
    _getenv_init                              - Undefined Weak Reference
    _handle_redirection                       - Undefined Weak Reference
    _init_alloc                               - Undefined Weak Reference
    _init_user_alloc                          - Undefined Weak Reference
    _initio                                   - Undefined Weak Reference
    _mutex_acquire                            - Undefined Weak Reference
    _mutex_release                            - Undefined Weak Reference
    _printf_mbtowc                            - Undefined Weak Reference
    _printf_truncate_signed                   - Undefined Weak Reference
    _printf_truncate_unsigned                 - Undefined Weak Reference
    _rand_init                                - Undefined Weak Reference
    _signal_finish                            - Undefined Weak Reference
    _signal_init                              - Undefined Weak Reference
    _terminate_alloc                          - Undefined Weak Reference
    _terminate_user_alloc                     - Undefined Weak Reference
    _terminateio                              - Undefined Weak Reference
    __Vectors_Size                           0x000000ec   Number         0  startup_stm32f10x_md.o ABSOLUTE
    __Vectors                                0x08000000   Data           4  startup_stm32f10x_md.o(RESET)
    __Vectors_End                            0x080000ec   Data           0  startup_stm32f10x_md.o(RESET)
    __main                                   0x080000ed   Thumb Code     8  __main.o(!!!main)
    __scatterload                            0x080000f5   Thumb Code     0  __scatter.o(!!!scatter)
    __scatterload_rt2                        0x080000f5   Thumb Code    44  __scatter.o(!!!scatter)
    __scatterload_rt2_thumb_only             0x080000f5   Thumb Code     0  __scatter.o(!!!scatter)
    __scatterload_null                       0x08000103   Thumb Code     0  __scatter.o(!!!scatter)
    __decompress                             0x08000129   Thumb Code    90  __dczerorl2.o(!!dczerorl2)
    __decompress1                            0x08000129   Thumb Code     0  __dczerorl2.o(!!dczerorl2)
    __scatterload_zeroinit                   0x08000185   Thumb Code    28  __scatter_zi.o(!!handler_zi)
    _printf_d                                0x080001a1   Thumb Code     0  _printf_d.o(.ARM.Collect$$_printf_percent$$00000009)
    _printf_percent                          0x080001a1   Thumb Code     0  _printf_percent.o(.ARM.Collect$$_printf_percent$$00000000)
    _printf_u                                0x080001a7   Thumb Code     0  _printf_u.o(.ARM.Collect$$_printf_percent$$0000000A)
    _printf_x                                0x080001ad   Thumb Code     0  _printf_x.o(.ARM.Collect$$_printf_percent$$0000000C)
    _printf_c                                0x080001b3   Thumb Code     0  _printf_c.o(.ARM.Collect$$_printf_percent$$00000013)
    _printf_s                                0x080001b9   Thumb Code     0  _printf_s.o(.ARM.Collect$$_printf_percent$$00000014)
    _printf_percent_end                      0x080001bf   Thumb Code     0  _printf_percent_end.o(.ARM.Collect$$_printf_percent$$00000017)
    __rt_lib_init                            0x080001c3   Thumb Code     0  libinit.o(.ARM.Collect$$libinit$$00000000)
    __rt_lib_init_alloca_1                   0x080001c5   Thumb Code     0  libinit2.o(.ARM.Collect$$libinit$$0000002E)
    __rt_lib_init_argv_1                     0x080001c5   Thumb Code     0  libinit2.o(.ARM.Collect$$libinit$$0000002C)
    __rt_lib_init_atexit_1                   0x080001c5   Thumb Code     0  libinit2.o(.ARM.Collect$$libinit$$0000001B)
    __rt_lib_init_clock_1                    0x080001c5   Thumb Code     0  libinit2.o(.ARM.Collect$$libinit$$00000021)
    __rt_lib_init_cpp_1                      0x080001c5   Thumb Code     0  libinit2.o(.ARM.Collect$$libinit$$00000032)
    __rt_lib_init_exceptions_1               0x080001c5   Thumb Code     0  libinit2.o(.ARM.Collect$$libinit$$00000030)
    __rt_lib_init_fp_1                       0x080001c5   Thumb Code     0  libinit2.o(.ARM.Collect$$libinit$$00000002)
    __rt_lib_init_fp_trap_1                  0x080001c5   Thumb Code     0  libinit2.o(.ARM.Collect$$libinit$$0000001F)
    __rt_lib_init_getenv_1                   0x080001c5   Thumb Code     0  libinit2.o(.ARM.Collect$$libinit$$00000023)
    __rt_lib_init_heap_1                     0x080001c5   Thumb Code     0  libinit2.o(.ARM.Collect$$libinit$$0000000A)
    __rt_lib_init_lc_collate_1               0x080001c5   Thumb Code     0  libinit2.o(.ARM.Collect$$libinit$$00000011)
    __rt_lib_init_lc_ctype_1                 0x080001c5   Thumb Code     0  libinit2.o(.ARM.Collect$$libinit$$00000013)
    __rt_lib_init_lc_monetary_1              0x080001c5   Thumb Code     0  libinit2.o(.ARM.Collect$$libinit$$00000015)
    __rt_lib_init_lc_numeric_1               0x080001c5   Thumb Code     0  libinit2.o(.ARM.Collect$$libinit$$00000017)
    __rt_lib_init_lc_time_1                  0x080001c5   Thumb Code     0  libinit2.o(.ARM.Collect$$libinit$$00000019)
    __rt_lib_init_preinit_1                  0x080001c5   Thumb Code     0  libinit2.o(.ARM.Collect$$libinit$$00000004)
    __rt_lib_init_rand_1                     0x080001c5   Thumb Code     0  libinit2.o(.ARM.Collect$$libinit$$0000000E)
    __rt_lib_init_return                     0x080001c5   Thumb Code     0  libinit2.o(.ARM.Collect$$libinit$$00000033)
    __rt_lib_init_signal_1                   0x080001c5   Thumb Code     0  libinit2.o(.ARM.Collect$$libinit$$0000001D)
    __rt_lib_init_stdio_1                    0x080001c5   Thumb Code     0  libinit2.o(.ARM.Collect$$libinit$$00000025)
    __rt_lib_init_user_alloc_1               0x080001c5   Thumb Code     0  libinit2.o(.ARM.Collect$$libinit$$0000000C)
    __rt_lib_shutdown                        0x080001c7   Thumb Code     0  libshutdown.o(.ARM.Collect$$libshutdown$$00000000)
    __rt_lib_shutdown_fp_trap_1              0x080001c9   Thumb Code     0  libshutdown2.o(.ARM.Collect$$libshutdown$$00000006)
    __rt_lib_shutdown_heap_1                 0x080001c9   Thumb Code     0  libshutdown2.o(.ARM.Collect$$libshutdown$$0000000E)
    __rt_lib_shutdown_return                 0x080001c9   Thumb Code     0  libshutdown2.o(.ARM.Collect$$libshutdown$$0000000F)
    __rt_lib_shutdown_signal_1               0x080001c9   Thumb Code     0  libshutdown2.o(.ARM.Collect$$libshutdown$$00000009)
    __rt_lib_shutdown_stdio_1                0x080001c9   Thumb Code     0  libshutdown2.o(.ARM.Collect$$libshutdown$$00000003)
    __rt_lib_shutdown_user_alloc_1           0x080001c9   Thumb Code     0  libshutdown2.o(.ARM.Collect$$libshutdown$$0000000B)
    __rt_entry                               0x080001cb   Thumb Code     0  __rtentry.o(.ARM.Collect$$rtentry$$00000000)
    __rt_entry_presh_1                       0x080001cb   Thumb Code     0  __rtentry2.o(.ARM.Collect$$rtentry$$00000002)
    __rt_entry_sh                            0x080001cb   Thumb Code     0  __rtentry4.o(.ARM.Collect$$rtentry$$00000004)
    __rt_entry_li                            0x080001d1   Thumb Code     0  __rtentry2.o(.ARM.Collect$$rtentry$$0000000A)
    __rt_entry_postsh_1                      0x080001d1   Thumb Code     0  __rtentry2.o(.ARM.Collect$$rtentry$$00000009)
    __rt_entry_main                          0x080001d5   Thumb Code     0  __rtentry2.o(.ARM.Collect$$rtentry$$0000000D)
    __rt_entry_postli_1                      0x080001d5   Thumb Code     0  __rtentry2.o(.ARM.Collect$$rtentry$$0000000C)
    __rt_exit                                0x080001dd   Thumb Code     0  rtexit.o(.ARM.Collect$$rtexit$$00000000)
    __rt_exit_ls                             0x080001df   Thumb Code     0  rtexit2.o(.ARM.Collect$$rtexit$$00000003)
    __rt_exit_prels_1                        0x080001df   Thumb Code     0  rtexit2.o(.ARM.Collect$$rtexit$$00000002)
    __rt_exit_exit                           0x080001e3   Thumb Code     0  rtexit2.o(.ARM.Collect$$rtexit$$00000004)
    Reset_Handler                            0x080001e9   Thumb Code     8  startup_stm32f10x_md.o(.text)
    ADC1_2_IRQHandler                        0x08000203   Thumb Code     0  startup_stm32f10x_md.o(.text)
    CAN1_RX1_IRQHandler                      0x08000203   Thumb Code     0  startup_stm32f10x_md.o(.text)
    CAN1_SCE_IRQHandler                      0x08000203   Thumb Code     0  startup_stm32f10x_md.o(.text)
    DMA1_Channel1_IRQHandler                 0x08000203   Thumb Code     0  startup_stm32f10x_md.o(.text)
    DMA1_Channel2_IRQHandler                 0x08000203   Thumb Code     0  startup_stm32f10x_md.o(.text)
    DMA1_Channel3_IRQHandler                 0x08000203   Thumb Code     0  startup_stm32f10x_md.o(.text)
    DMA1_Channel4_IRQHandler                 0x08000203   Thumb Code     0  startup_stm32f10x_md.o(.text)
    DMA1_Channel5_IRQHandler                 0x08000203   Thumb Code     0  startup_stm32f10x_md.o(.text)
    DMA1_Channel6_IRQHandler                 0x08000203   Thumb Code     0  startup_stm32f10x_md.o(.text)
    DMA1_Channel7_IRQHandler                 0x08000203   Thumb Code     0  startup_stm32f10x_md.o(.text)
    EXTI0_IRQHandler                         0x08000203   Thumb Code     0  startup_stm32f10x_md.o(.text)
    EXTI15_10_IRQHandler                     0x08000203   Thumb Code     0  startup_stm32f10x_md.o(.text)
    EXTI1_IRQHandler                         0x08000203   Thumb Code     0  startup_stm32f10x_md.o(.text)
    EXTI2_IRQHandler                         0x08000203   Thumb Code     0  startup_stm32f10x_md.o(.text)
    EXTI3_IRQHandler                         0x08000203   Thumb Code     0  startup_stm32f10x_md.o(.text)
    EXTI4_IRQHandler                         0x08000203   Thumb Code     0  startup_stm32f10x_md.o(.text)
    EXTI9_5_IRQHandler                       0x08000203   Thumb Code     0  startup_stm32f10x_md.o(.text)
    FLASH_IRQHandler                         0x08000203   Thumb Code     0  startup_stm32f10x_md.o(.text)
    I2C1_ER_IRQHandler                       0x08000203   Thumb Code     0  startup_stm32f10x_md.o(.text)
    I2C1_EV_IRQHandler                       0x08000203   Thumb Code     0  startup_stm32f10x_md.o(.text)
    I2C2_ER_IRQHandler                       0x08000203   Thumb Code     0  startup_stm32f10x_md.o(.text)
    I2C2_EV_IRQHandler                       0x08000203   Thumb Code     0  startup_stm32f10x_md.o(.text)
    PVD_IRQHandler                           0x08000203   Thumb Code     0  startup_stm32f10x_md.o(.text)
    RCC_IRQHandler                           0x08000203   Thumb Code     0  startup_stm32f10x_md.o(.text)
    RTCAlarm_IRQHandler                      0x08000203   Thumb Code     0  startup_stm32f10x_md.o(.text)
    RTC_IRQHandler                           0x08000203   Thumb Code     0  startup_stm32f10x_md.o(.text)
    SPI1_IRQHandler                          0x08000203   Thumb Code     0  startup_stm32f10x_md.o(.text)
    SPI2_IRQHandler                          0x08000203   Thumb Code     0  startup_stm32f10x_md.o(.text)
    TAMPER_IRQHandler                        0x08000203   Thumb Code     0  startup_stm32f10x_md.o(.text)
    TIM1_BRK_IRQHandler                      0x08000203   Thumb Code     0  startup_stm32f10x_md.o(.text)
    TIM1_CC_IRQHandler                       0x08000203   Thumb Code     0  startup_stm32f10x_md.o(.text)
    TIM1_TRG_COM_IRQHandler                  0x08000203   Thumb Code     0  startup_stm32f10x_md.o(.text)
    TIM1_UP_IRQHandler                       0x08000203   Thumb Code     0  startup_stm32f10x_md.o(.text)
    TIM2_IRQHandler                          0x08000203   Thumb Code     0  startup_stm32f10x_md.o(.text)
    TIM3_IRQHandler                          0x08000203   Thumb Code     0  startup_stm32f10x_md.o(.text)
    USART2_IRQHandler                        0x08000203   Thumb Code     0  startup_stm32f10x_md.o(.text)
    USART3_IRQHandler                        0x08000203   Thumb Code     0  startup_stm32f10x_md.o(.text)
    USBWakeUp_IRQHandler                     0x08000203   Thumb Code     0  startup_stm32f10x_md.o(.text)
    USB_HP_CAN1_TX_IRQHandler                0x08000203   Thumb Code     0  startup_stm32f10x_md.o(.text)
    USB_LP_CAN1_RX0_IRQHandler               0x08000203   Thumb Code     0  startup_stm32f10x_md.o(.text)
    WWDG_IRQHandler                          0x08000203   Thumb Code     0  startup_stm32f10x_md.o(.text)
    __user_initial_stackheap                 0x08000205   Thumb Code     0  startup_stm32f10x_md.o(.text)
    __use_no_semihosting                     0x08000229   Thumb Code     2  use_no_semi_2.o(.text)
    __2printf                                0x0800022d   Thumb Code    20  noretval__2printf.o(.text)
    _printf_pre_padding                      0x08000245   Thumb Code    44  _printf_pad.o(.text)
    _printf_post_padding                     0x08000271   Thumb Code    34  _printf_pad.o(.text)
    _printf_str                              0x08000293   Thumb Code    82  _printf_str.o(.text)
    _printf_int_dec                          0x080002e5   Thumb Code   104  _printf_dec.o(.text)
    _printf_int_hex                          0x0800035d   Thumb Code    84  _printf_hex_int.o(.text)
    _printf_longlong_hex                     0x0800035d   Thumb Code     0  _printf_hex_int.o(.text)
    __printf                                 0x080003b5   Thumb Code   388  __printf_flags_ss_wp.o(.text)
    __use_two_region_memory                  0x0800053d   Thumb Code     2  heapauxi.o(.text)
    __rt_heap_escrow$2region                 0x0800053f   Thumb Code     2  heapauxi.o(.text)
    __rt_heap_expand$2region                 0x08000541   Thumb Code     2  heapauxi.o(.text)
    __I$use$semihosting                      0x08000543   Thumb Code     0  use_no_semi.o(.text)
    __use_no_semihosting_swi                 0x08000543   Thumb Code     2  use_no_semi.o(.text)
    _printf_int_common                       0x08000545   Thumb Code   178  _printf_intcommon.o(.text)
    _printf_cs_common                        0x080005f7   Thumb Code    20  _printf_char.o(.text)
    _printf_char                             0x0800060b   Thumb Code    16  _printf_char.o(.text)
    _printf_string                           0x0800061b   Thumb Code     8  _printf_char.o(.text)
    _printf_char_file                        0x08000625   Thumb Code    32  _printf_char_file.o(.text)
    _printf_char_common                      0x08000653   Thumb Code    32  _printf_char_common.o(.text)
    ferror                                   0x08000679   Thumb Code     8  ferror.o(.text)
    __user_setup_stackheap                   0x08000681   Thumb Code    74  sys_stackheap_outer.o(.text)
    exit                                     0x080006cb   Thumb Code    12  exit.o(.text)
    __user_libspace                          0x080006d9   Thumb Code     8  libspace.o(.text)
    __user_perproc_libspace                  0x080006d9   Thumb Code     0  libspace.o(.text)
    __user_perthread_libspace                0x080006d9   Thumb Code     0  libspace.o(.text)
    ADC_Cmd                                  0x080006e1   Thumb Code    22  stm32f10x_adc.o(i.ADC_Cmd)
    ADC_DeInit                               0x080006f9   Thumb Code    78  stm32f10x_adc.o(i.ADC_DeInit)
    ADC_GetCalibrationStatus                 0x08000755   Thumb Code    20  stm32f10x_adc.o(i.ADC_GetCalibrationStatus)
    ADC_GetConversionValue                   0x08000769   Thumb Code     8  stm32f10x_adc.o(i.ADC_GetConversionValue)
    ADC_GetFlagStatus                        0x08000771   Thumb Code    18  stm32f10x_adc.o(i.ADC_GetFlagStatus)
    ADC_GetResetCalibrationStatus            0x08000783   Thumb Code    20  stm32f10x_adc.o(i.ADC_GetResetCalibrationStatus)
    ADC_Init                                 0x08000799   Thumb Code    70  stm32f10x_adc.o(i.ADC_Init)
    ADC_RegularChannelConfig                 0x080007e9   Thumb Code   184  stm32f10x_adc.o(i.ADC_RegularChannelConfig)
    ADC_ResetCalibration                     0x080008a1   Thumb Code    10  stm32f10x_adc.o(i.ADC_ResetCalibration)
    ADC_SoftwareStartConvCmd                 0x080008ab   Thumb Code    22  stm32f10x_adc.o(i.ADC_SoftwareStartConvCmd)
    ADC_StartCalibration                     0x080008c1   Thumb Code    10  stm32f10x_adc.o(i.ADC_StartCalibration)
    ADC_TempSensorVrefintCmd                 0x080008cd   Thumb Code    30  stm32f10x_adc.o(i.ADC_TempSensorVrefintCmd)
    BusFault_Handler                         0x080008f1   Thumb Code     4  stm32f10x_it.o(i.BusFault_Handler)
    DebugMon_Handler                         0x080008f5   Thumb Code     2  stm32f10x_it.o(i.DebugMon_Handler)
    GPIO_Init                                0x080008f7   Thumb Code   278  stm32f10x_gpio.o(i.GPIO_Init)
    GPIO_PinRemapConfig                      0x08000a0d   Thumb Code   138  stm32f10x_gpio.o(i.GPIO_PinRemapConfig)
    GPIO_SetBits                             0x08000a9d   Thumb Code     4  stm32f10x_gpio.o(i.GPIO_SetBits)
    HardFault_Handler                        0x08000aa1   Thumb Code     4  stm32f10x_it.o(i.HardFault_Handler)
    LCD_Clear                                0x08000aa5   Thumb Code    64  tftlcd.o(i.LCD_Clear)
    LCD_Display_Dir                          0x08000af1   Thumb Code    68  tftlcd.o(i.LCD_Display_Dir)
    LCD_Fast_DrawPoint                       0x08000b39   Thumb Code   188  tftlcd.o(i.LCD_Fast_DrawPoint)
    LCD_Init                                 0x08000c01   Thumb Code   762  tftlcd.o(i.LCD_Init)
    LCD_Pow                                  0x08000f21   Thumb Code    22  tftlcd.o(i.LCD_Pow)
    LCD_RD_DATA                              0x08000f39   Thumb Code    86  tftlcd.o(i.LCD_RD_DATA)
    LCD_Scan_Dir                             0x08000f99   Thumb Code   916  tftlcd.o(i.LCD_Scan_Dir)
    LCD_SetCursor                            0x08001339   Thumb Code   136  tftlcd.o(i.LCD_SetCursor)
    LCD_ShowChar                             0x080013cd   Thumb Code   272  tftlcd.o(i.LCD_ShowChar)
    LCD_ShowString                           0x080014f5   Thumb Code   102  tftlcd.o(i.LCD_ShowString)
    LCD_ShowxNum                             0x0800155b   Thumb Code   190  tftlcd.o(i.LCD_ShowxNum)
    LCD_WR_DATAX                             0x08001619   Thumb Code    28  tftlcd.o(i.LCD_WR_DATAX)
    LCD_WR_REG                               0x0800163d   Thumb Code    28  tftlcd.o(i.LCD_WR_REG)
    LCD_WriteRAM_Prepare                     0x08001661   Thumb Code    12  tftlcd.o(i.LCD_WriteRAM_Prepare)
    LCD_WriteReg                             0x08001671   Thumb Code    40  tftlcd.o(i.LCD_WriteReg)
    MemManage_Handler                        0x080016a1   Thumb Code     4  stm32f10x_it.o(i.MemManage_Handler)
    NMI_Handler                              0x080016a5   Thumb Code     2  stm32f10x_it.o(i.NMI_Handler)
    NVIC_Init                                0x080016a9   Thumb Code   100  misc.o(i.NVIC_Init)
    PendSV_Handler                           0x08001719   Thumb Code     2  stm32f10x_it.o(i.PendSV_Handler)
    RCC_ADCCLKConfig                         0x0800171d   Thumb Code    18  stm32f10x_rcc.o(i.RCC_ADCCLKConfig)
    RCC_APB1PeriphClockCmd                   0x08001735   Thumb Code    26  stm32f10x_rcc.o(i.RCC_APB1PeriphClockCmd)
    RCC_APB2PeriphClockCmd                   0x08001755   Thumb Code    26  stm32f10x_rcc.o(i.RCC_APB2PeriphClockCmd)
    RCC_APB2PeriphResetCmd                   0x08001775   Thumb Code    26  stm32f10x_rcc.o(i.RCC_APB2PeriphResetCmd)
    RCC_GetClocksFreq                        0x08001795   Thumb Code   192  stm32f10x_rcc.o(i.RCC_GetClocksFreq)
    SVC_Handler                              0x08001869   Thumb Code     2  stm32f10x_it.o(i.SVC_Handler)
    SysTick_CLKSourceConfig                  0x08001955   Thumb Code    40  misc.o(i.SysTick_CLKSourceConfig)
    SysTick_Handler                          0x0800197d   Thumb Code     2  stm32f10x_it.o(i.SysTick_Handler)
    SystemInit                               0x08001981   Thumb Code    78  system_stm32f10x.o(i.SystemInit)
    TIM4_IRQHandler                          0x080019e1   Thumb Code    50  usmart.o(i.TIM4_IRQHandler)
    TIM_Cmd                                  0x08001a1d   Thumb Code    24  stm32f10x_tim.o(i.TIM_Cmd)
    TIM_ITConfig                             0x08001a35   Thumb Code    18  stm32f10x_tim.o(i.TIM_ITConfig)
    TIM_TimeBaseInit                         0x08001a49   Thumb Code   122  stm32f10x_tim.o(i.TIM_TimeBaseInit)
    T_Adc_Init                               0x08001aed   Thumb Code   120  tsensor.o(i.T_Adc_Init)
    T_Get_Adc                                0x08001b69   Thumb Code    46  tsensor.o(i.T_Get_Adc)
    T_Get_Adc_Average                        0x08001b9d   Thumb Code    46  tsensor.o(i.T_Get_Adc_Average)
    Timer4_Init                              0x08001bcd   Thumb Code    88  usmart.o(i.Timer4_Init)
    USART1_IRQHandler                        0x08001c29   Thumb Code   122  usart.o(i.USART1_IRQHandler)
    USART_Cmd                                0x08001cb1   Thumb Code    24  stm32f10x_usart.o(i.USART_Cmd)
    USART_GetITStatus                        0x08001cc9   Thumb Code    84  stm32f10x_usart.o(i.USART_GetITStatus)
    USART_ITConfig                           0x08001d1d   Thumb Code    74  stm32f10x_usart.o(i.USART_ITConfig)
    USART_Init                               0x08001d69   Thumb Code   210  stm32f10x_usart.o(i.USART_Init)
    USART_ReceiveData                        0x08001e41   Thumb Code    10  stm32f10x_usart.o(i.USART_ReceiveData)
    UsageFault_Handler                       0x08001e4b   Thumb Code     4  stm32f10x_it.o(i.UsageFault_Handler)
    _is_digit                                0x08001e4f   Thumb Code    14  __printf_wp.o(i._is_digit)
    _sys_exit                                0x08001e5d   Thumb Code     4  usart.o(i._sys_exit)
    delay_init                               0x08001e61   Thumb Code    50  delay.o(i.delay_init)
    delay_ms                                 0x08001ea5   Thumb Code    72  delay.o(i.delay_ms)
    delay_us                                 0x08001ef1   Thumb Code    72  delay.o(i.delay_us)
    fputc                                    0x08001f3d   Thumb Code    24  usart.o(i.fputc)
    main                                     0x08001f59   Thumb Code   390  main.o(i.main)
    opt_delay                                0x08002135   Thumb Code    14  tftlcd.o(i.opt_delay)
    read_addr                                0x08002143   Thumb Code     6  usmart.o(i.read_addr)
    uart_init                                0x08002149   Thumb Code   152  usart.o(i.uart_init)
    usmart_cmd_rec                           0x080021e9   Thumb Code   170  usmart.o(i.usmart_cmd_rec)
    usmart_exe                               0x08002299   Thumb Code   634  usmart.o(i.usmart_exe)
    usmart_get_aparm                         0x08002571   Thumb Code   200  usmart_str.o(i.usmart_get_aparm)
    usmart_get_cmdname                       0x08002639   Thumb Code    54  usmart_str.o(i.usmart_get_cmdname)
    usmart_get_fname                         0x08002671   Thumb Code   440  usmart_str.o(i.usmart_get_fname)
    usmart_get_fparam                        0x08002831   Thumb Code   262  usmart_str.o(i.usmart_get_fparam)
    usmart_get_parmpos                       0x0800293d   Thumb Code    26  usmart_str.o(i.usmart_get_parmpos)
    usmart_get_runtime                       0x0800295d   Thumb Code    56  usmart.o(i.usmart_get_runtime)
    usmart_init                              0x0800299d   Thumb Code    36  usmart.o(i.usmart_init)
    usmart_pow                               0x080029c5   Thumb Code    22  usmart_str.o(i.usmart_pow)
    usmart_reset_runtime                     0x080029dd   Thumb Code    38  usmart.o(i.usmart_reset_runtime)
    usmart_scan                              0x08002a0d   Thumb Code   120  usmart.o(i.usmart_scan)
    usmart_search_nextc                      0x08002ac9   Thumb Code    22  usmart_str.o(i.usmart_search_nextc)
    usmart_str2num                           0x08002adf   Thumb Code   202  usmart_str.o(i.usmart_str2num)
    usmart_strcmp                            0x08002ba9   Thumb Code    34  usmart_str.o(i.usmart_strcmp)
    usmart_strcopy                           0x08002bcb   Thumb Code    22  usmart_str.o(i.usmart_strcopy)
    usmart_strlen                            0x08002be1   Thumb Code    24  usmart_str.o(i.usmart_strlen)
    usmart_sys_cmd_exe                       0x08002bf9   Thumb Code  1554  usmart.o(i.usmart_sys_cmd_exe)
    write_addr                               0x080032dd   Thumb Code     4  usmart.o(i.write_addr)
    __aeabi_d2f                              0x080032e1   Thumb Code     0  d2f.o(x$fpl$d2f)
    _d2f                                     0x080032e1   Thumb Code    98  d2f.o(x$fpl$d2f)
    __aeabi_dadd                             0x08003345   Thumb Code     0  daddsub_clz.o(x$fpl$dadd)
    _dadd                                    0x08003345   Thumb Code   332  daddsub_clz.o(x$fpl$dadd)
    __aeabi_ddiv                             0x08003495   Thumb Code     0  ddiv.o(x$fpl$ddiv)
    _ddiv                                    0x08003495   Thumb Code   552  ddiv.o(x$fpl$ddiv)
    __aeabi_dmul                             0x08003745   Thumb Code     0  dmul.o(x$fpl$dmul)
    _dmul                                    0x08003745   Thumb Code   332  dmul.o(x$fpl$dmul)
    __fpl_dnaninf                            0x08003899   Thumb Code   156  dnaninf.o(x$fpl$dnaninf)
    __fpl_dretinf                            0x08003935   Thumb Code    12  dretinf.o(x$fpl$dretinf)
    __aeabi_drsub                            0x08003941   Thumb Code     0  daddsub_clz.o(x$fpl$drsb)
    _drsb                                    0x08003941   Thumb Code    22  daddsub_clz.o(x$fpl$drsb)
    __aeabi_dsub                             0x08003959   Thumb Code     0  daddsub_clz.o(x$fpl$dsub)
    _dsub                                    0x08003959   Thumb Code   464  daddsub_clz.o(x$fpl$dsub)
    __aeabi_f2d                              0x08003b2d   Thumb Code     0  f2d.o(x$fpl$f2d)
    _f2d                                     0x08003b2d   Thumb Code    86  f2d.o(x$fpl$f2d)
    __aeabi_fadd                             0x08003b85   Thumb Code     0  faddsub_clz.o(x$fpl$fadd)
    _fadd                                    0x08003b85   Thumb Code   196  faddsub_clz.o(x$fpl$fadd)
    __aeabi_f2uiz                            0x08003c49   Thumb Code     0  ffixu.o(x$fpl$ffixu)
    _ffixu                                   0x08003c49   Thumb Code    62  ffixu.o(x$fpl$ffixu)
    __aeabi_ui2f                             0x08003c89   Thumb Code     0  fflt_clz.o(x$fpl$ffltu)
    _ffltu                                   0x08003c89   Thumb Code    38  fflt_clz.o(x$fpl$ffltu)
    __aeabi_fmul                             0x08003cb1   Thumb Code     0  fmul.o(x$fpl$fmul)
    _fmul                                    0x08003cb1   Thumb Code   258  fmul.o(x$fpl$fmul)
    __fpl_fnaninf                            0x08003db3   Thumb Code   140  fnaninf.o(x$fpl$fnaninf)
    __fpl_fretinf                            0x08003e3f   Thumb Code    10  fretinf.o(x$fpl$fretinf)
    __aeabi_frsub                            0x08003e49   Thumb Code     0  faddsub_clz.o(x$fpl$frsb)
    _frsb                                    0x08003e49   Thumb Code    20  faddsub_clz.o(x$fpl$frsb)
    __aeabi_fsub                             0x08003e5d   Thumb Code     0  faddsub_clz.o(x$fpl$fsub)
    _fsub                                    0x08003e5d   Thumb Code   234  faddsub_clz.o(x$fpl$fsub)
    __I$use$fp                               0x08003f46   Number         0  usenofp.o(x$fpl$usenofp)
    asc2_1206                                0x08003f46   Data        1140  tftlcd.o(.constdata)
    asc2_1608                                0x080043ba   Data        1520  tftlcd.o(.constdata)
    asc2_2412                                0x080049aa   Data        3420  tftlcd.o(.constdata)
    Region$$Table$$Base                      0x080057d4   Number         0  anon$$obj.o(Region$$Table)
    Region$$Table$$Limit                     0x080057f4   Number         0  anon$$obj.o(Region$$Table)
    SystemCoreClock                          0x20000000   Data           4  system_stm32f10x.o(.data)
    AHBPrescTable                            0x20000004   Data          16  system_stm32f10x.o(.data)
    __stdout                                 0x2000002c   Data           4  usart.o(.data)
    USART_RX_STA                             0x20000030   Data           2  usart.o(.data)
    POINT_COLOR                              0x20000032   Data           2  tftlcd.o(.data)
    BACK_COLOR                               0x20000034   Data           2  tftlcd.o(.data)
    sys_cmd_tab                              0x20000038   Data          28  usmart.o(.data)
    usmart_nametab                           0x20000054   Data          32  usmart_config.o(.data)
    usmart_dev                               0x20000074   Data         244  usmart_config.o(.data)
    USART_RX_BUF                             0x20000168   Data         200  usart.o(.bss)
    lcddev                                   0x20000230   Data          14  tftlcd.o(.bss)
    __libspace_start                         0x20000240   Data          96  libspace.o(.bss)
    __temporary_stack_top$libspace           0x200002a0   Data           0  libspace.o(.bss)



==============================================================================

Memory Map of the image

  Image Entry point : 0x080000ed

  Load Region LR_IROM1 (Base: 0x08000000, Size: 0x0000595c, Max: 0x00040000, ABSOLUTE, COMPRESSED[0x00005858])

    Execution Region ER_IROM1 (Base: 0x08000000, Size: 0x000057f4, Max: 0x00040000, ABSOLUTE)

    Base Addr    Size         Type   Attr      Idx    E Section Name        Object

    0x08000000   0x000000ec   Data   RO          201    RESET               startup_stm32f10x_md.o
    0x080000ec   0x00000008   Code   RO         3815  * !!!main             c_w.l(__main.o)
    0x080000f4   0x00000034   Code   RO         4039    !!!scatter          c_w.l(__scatter.o)
    0x08000128   0x0000005a   Code   RO         4037    !!dczerorl2         c_w.l(__dczerorl2.o)
    0x08000182   0x00000002   PAD
    0x08000184   0x0000001c   Code   RO         4041    !!handler_zi        c_w.l(__scatter_zi.o)
    0x080001a0   0x00000000   Code   RO         3812    .ARM.Collect$$_printf_percent$$00000000  c_w.l(_printf_percent.o)
    0x080001a0   0x00000006   Code   RO         3810    .ARM.Collect$$_printf_percent$$00000009  c_w.l(_printf_d.o)
    0x080001a6   0x00000006   Code   RO         3811    .ARM.Collect$$_printf_percent$$0000000A  c_w.l(_printf_u.o)
    0x080001ac   0x00000006   Code   RO         3809    .ARM.Collect$$_printf_percent$$0000000C  c_w.l(_printf_x.o)
    0x080001b2   0x00000006   Code   RO         3807    .ARM.Collect$$_printf_percent$$00000013  c_w.l(_printf_c.o)
    0x080001b8   0x00000006   Code   RO         3808    .ARM.Collect$$_printf_percent$$00000014  c_w.l(_printf_s.o)
    0x080001be   0x00000004   Code   RO         3870    .ARM.Collect$$_printf_percent$$00000017  c_w.l(_printf_percent_end.o)
    0x080001c2   0x00000002   Code   RO         3912    .ARM.Collect$$libinit$$00000000  c_w.l(libinit.o)
    0x080001c4   0x00000000   Code   RO         3919    .ARM.Collect$$libinit$$00000002  c_w.l(libinit2.o)
    0x080001c4   0x00000000   Code   RO         3921    .ARM.Collect$$libinit$$00000004  c_w.l(libinit2.o)
    0x080001c4   0x00000000   Code   RO         3924    .ARM.Collect$$libinit$$0000000A  c_w.l(libinit2.o)
    0x080001c4   0x00000000   Code   RO         3926    .ARM.Collect$$libinit$$0000000C  c_w.l(libinit2.o)
    0x080001c4   0x00000000   Code   RO         3928    .ARM.Collect$$libinit$$0000000E  c_w.l(libinit2.o)
    0x080001c4   0x00000000   Code   RO         3931    .ARM.Collect$$libinit$$00000011  c_w.l(libinit2.o)
    0x080001c4   0x00000000   Code   RO         3933    .ARM.Collect$$libinit$$00000013  c_w.l(libinit2.o)
    0x080001c4   0x00000000   Code   RO         3935    .ARM.Collect$$libinit$$00000015  c_w.l(libinit2.o)
    0x080001c4   0x00000000   Code   RO         3937    .ARM.Collect$$libinit$$00000017  c_w.l(libinit2.o)
    0x080001c4   0x00000000   Code   RO         3939    .ARM.Collect$$libinit$$00000019  c_w.l(libinit2.o)
    0x080001c4   0x00000000   Code   RO         3941    .ARM.Collect$$libinit$$0000001B  c_w.l(libinit2.o)
    0x080001c4   0x00000000   Code   RO         3943    .ARM.Collect$$libinit$$0000001D  c_w.l(libinit2.o)
    0x080001c4   0x00000000   Code   RO         3945    .ARM.Collect$$libinit$$0000001F  c_w.l(libinit2.o)
    0x080001c4   0x00000000   Code   RO         3947    .ARM.Collect$$libinit$$00000021  c_w.l(libinit2.o)
    0x080001c4   0x00000000   Code   RO         3949    .ARM.Collect$$libinit$$00000023  c_w.l(libinit2.o)
    0x080001c4   0x00000000   Code   RO         3951    .ARM.Collect$$libinit$$00000025  c_w.l(libinit2.o)
    0x080001c4   0x00000000   Code   RO         3955    .ARM.Collect$$libinit$$0000002C  c_w.l(libinit2.o)
    0x080001c4   0x00000000   Code   RO         3957    .ARM.Collect$$libinit$$0000002E  c_w.l(libinit2.o)
    0x080001c4   0x00000000   Code   RO         3959    .ARM.Collect$$libinit$$00000030  c_w.l(libinit2.o)
    0x080001c4   0x00000000   Code   RO         3961    .ARM.Collect$$libinit$$00000032  c_w.l(libinit2.o)
    0x080001c4   0x00000002   Code   RO         3962    .ARM.Collect$$libinit$$00000033  c_w.l(libinit2.o)
    0x080001c6   0x00000002   Code   RO         3980    .ARM.Collect$$libshutdown$$00000000  c_w.l(libshutdown.o)
    0x080001c8   0x00000000   Code   RO         3991    .ARM.Collect$$libshutdown$$00000003  c_w.l(libshutdown2.o)
    0x080001c8   0x00000000   Code   RO         3994    .ARM.Collect$$libshutdown$$00000006  c_w.l(libshutdown2.o)
    0x080001c8   0x00000000   Code   RO         3997    .ARM.Collect$$libshutdown$$00000009  c_w.l(libshutdown2.o)
    0x080001c8   0x00000000   Code   RO         3999    .ARM.Collect$$libshutdown$$0000000B  c_w.l(libshutdown2.o)
    0x080001c8   0x00000000   Code   RO         4002    .ARM.Collect$$libshutdown$$0000000E  c_w.l(libshutdown2.o)
    0x080001c8   0x00000002   Code   RO         4003    .ARM.Collect$$libshutdown$$0000000F  c_w.l(libshutdown2.o)
    0x080001ca   0x00000000   Code   RO         3863    .ARM.Collect$$rtentry$$00000000  c_w.l(__rtentry.o)
    0x080001ca   0x00000000   Code   RO         3881    .ARM.Collect$$rtentry$$00000002  c_w.l(__rtentry2.o)
    0x080001ca   0x00000006   Code   RO         3893    .ARM.Collect$$rtentry$$00000004  c_w.l(__rtentry4.o)
    0x080001d0   0x00000000   Code   RO         3883    .ARM.Collect$$rtentry$$00000009  c_w.l(__rtentry2.o)
    0x080001d0   0x00000004   Code   RO         3884    .ARM.Collect$$rtentry$$0000000A  c_w.l(__rtentry2.o)
    0x080001d4   0x00000000   Code   RO         3886    .ARM.Collect$$rtentry$$0000000C  c_w.l(__rtentry2.o)
    0x080001d4   0x00000008   Code   RO         3887    .ARM.Collect$$rtentry$$0000000D  c_w.l(__rtentry2.o)
    0x080001dc   0x00000002   Code   RO         3916    .ARM.Collect$$rtexit$$00000000  c_w.l(rtexit.o)
    0x080001de   0x00000000   Code   RO         3964    .ARM.Collect$$rtexit$$00000002  c_w.l(rtexit2.o)
    0x080001de   0x00000004   Code   RO         3965    .ARM.Collect$$rtexit$$00000003  c_w.l(rtexit2.o)
    0x080001e2   0x00000006   Code   RO         3966    .ARM.Collect$$rtexit$$00000004  c_w.l(rtexit2.o)
    0x080001e8   0x00000040   Code   RO          202    .text               startup_stm32f10x_md.o
    0x08000228   0x00000002   Code   RO         3752    .text               c_w.l(use_no_semi_2.o)
    0x0800022a   0x00000002   PAD
    0x0800022c   0x00000018   Code   RO         3756    .text               c_w.l(noretval__2printf.o)
    0x08000244   0x0000004e   Code   RO         3760    .text               c_w.l(_printf_pad.o)
    0x08000292   0x00000052   Code   RO         3762    .text               c_w.l(_printf_str.o)
    0x080002e4   0x00000078   Code   RO         3764    .text               c_w.l(_printf_dec.o)
    0x0800035c   0x00000058   Code   RO         3769    .text               c_w.l(_printf_hex_int.o)
    0x080003b4   0x00000188   Code   RO         3804    .text               c_w.l(__printf_flags_ss_wp.o)
    0x0800053c   0x00000006   Code   RO         3813    .text               c_w.l(heapauxi.o)
    0x08000542   0x00000002   Code   RO         3861    .text               c_w.l(use_no_semi.o)
    0x08000544   0x000000b2   Code   RO         3864    .text               c_w.l(_printf_intcommon.o)
    0x080005f6   0x0000002c   Code   RO         3866    .text               c_w.l(_printf_char.o)
    0x08000622   0x00000002   PAD
    0x08000624   0x00000024   Code   RO         3868    .text               c_w.l(_printf_char_file.o)
    0x08000648   0x00000030   Code   RO         3895    .text               c_w.l(_printf_char_common.o)
    0x08000678   0x00000008   Code   RO         3897    .text               c_w.l(ferror.o)
    0x08000680   0x0000004a   Code   RO         3901    .text               c_w.l(sys_stackheap_outer.o)
    0x080006ca   0x0000000c   Code   RO         3905    .text               c_w.l(exit.o)
    0x080006d6   0x00000002   PAD
    0x080006d8   0x00000008   Code   RO         3913    .text               c_w.l(libspace.o)
    0x080006e0   0x00000016   Code   RO          282    i.ADC_Cmd           stm32f10x_adc.o
    0x080006f6   0x00000002   PAD
    0x080006f8   0x0000005c   Code   RO          284    i.ADC_DeInit        stm32f10x_adc.o
    0x08000754   0x00000014   Code   RO          290    i.ADC_GetCalibrationStatus  stm32f10x_adc.o
    0x08000768   0x00000008   Code   RO          291    i.ADC_GetConversionValue  stm32f10x_adc.o
    0x08000770   0x00000012   Code   RO          293    i.ADC_GetFlagStatus  stm32f10x_adc.o
    0x08000782   0x00000014   Code   RO          296    i.ADC_GetResetCalibrationStatus  stm32f10x_adc.o
    0x08000796   0x00000002   PAD
    0x08000798   0x00000050   Code   RO          300    i.ADC_Init          stm32f10x_adc.o
    0x080007e8   0x000000b8   Code   RO          304    i.ADC_RegularChannelConfig  stm32f10x_adc.o
    0x080008a0   0x0000000a   Code   RO          305    i.ADC_ResetCalibration  stm32f10x_adc.o
    0x080008aa   0x00000016   Code   RO          307    i.ADC_SoftwareStartConvCmd  stm32f10x_adc.o
    0x080008c0   0x0000000a   Code   RO          309    i.ADC_StartCalibration  stm32f10x_adc.o
    0x080008ca   0x00000002   PAD
    0x080008cc   0x00000024   Code   RO          311    i.ADC_TempSensorVrefintCmd  stm32f10x_adc.o
    0x080008f0   0x00000004   Code   RO          125    i.BusFault_Handler  stm32f10x_it.o
    0x080008f4   0x00000002   Code   RO          126    i.DebugMon_Handler  stm32f10x_it.o
    0x080008f6   0x00000116   Code   RO         1391    i.GPIO_Init         stm32f10x_gpio.o
    0x08000a0c   0x00000090   Code   RO         1393    i.GPIO_PinRemapConfig  stm32f10x_gpio.o
    0x08000a9c   0x00000004   Code   RO         1399    i.GPIO_SetBits      stm32f10x_gpio.o
    0x08000aa0   0x00000004   Code   RO          127    i.HardFault_Handler  stm32f10x_it.o
    0x08000aa4   0x0000004c   Code   RO         3343    i.LCD_Clear         tftlcd.o
    0x08000af0   0x00000048   Code   RO         3347    i.LCD_Display_Dir   tftlcd.o
    0x08000b38   0x000000c8   Code   RO         3352    i.LCD_Fast_DrawPoint  tftlcd.o
    0x08000c00   0x00000320   Code   RO         3354    i.LCD_Init          tftlcd.o
    0x08000f20   0x00000016   Code   RO         3355    i.LCD_Pow           tftlcd.o
    0x08000f36   0x00000002   PAD
    0x08000f38   0x00000060   Code   RO         3356    i.LCD_RD_DATA       tftlcd.o
    0x08000f98   0x000003a0   Code   RO         3360    i.LCD_Scan_Dir      tftlcd.o
    0x08001338   0x00000094   Code   RO         3361    i.LCD_SetCursor     tftlcd.o
    0x080013cc   0x00000128   Code   RO         3363    i.LCD_ShowChar      tftlcd.o
    0x080014f4   0x00000066   Code   RO         3365    i.LCD_ShowString    tftlcd.o
    0x0800155a   0x000000be   Code   RO         3366    i.LCD_ShowxNum      tftlcd.o
    0x08001618   0x00000024   Code   RO         3367    i.LCD_WR_DATAX      tftlcd.o
    0x0800163c   0x00000024   Code   RO         3368    i.LCD_WR_REG        tftlcd.o
    0x08001660   0x00000010   Code   RO         3370    i.LCD_WriteRAM_Prepare  tftlcd.o
    0x08001670   0x00000030   Code   RO         3371    i.LCD_WriteReg      tftlcd.o
    0x080016a0   0x00000004   Code   RO          128    i.MemManage_Handler  stm32f10x_it.o
    0x080016a4   0x00000002   Code   RO          129    i.NMI_Handler       stm32f10x_it.o
    0x080016a6   0x00000002   PAD
    0x080016a8   0x00000070   Code   RO          240    i.NVIC_Init         misc.o
    0x08001718   0x00000002   Code   RO          130    i.PendSV_Handler    stm32f10x_it.o
    0x0800171a   0x00000002   PAD
    0x0800171c   0x00000018   Code   RO         1805    i.RCC_ADCCLKConfig  stm32f10x_rcc.o
    0x08001734   0x00000020   Code   RO         1807    i.RCC_APB1PeriphClockCmd  stm32f10x_rcc.o
    0x08001754   0x00000020   Code   RO         1809    i.RCC_APB2PeriphClockCmd  stm32f10x_rcc.o
    0x08001774   0x00000020   Code   RO         1810    i.RCC_APB2PeriphResetCmd  stm32f10x_rcc.o
    0x08001794   0x000000d4   Code   RO         1817    i.RCC_GetClocksFreq  stm32f10x_rcc.o
    0x08001868   0x00000002   Code   RO          131    i.SVC_Handler       stm32f10x_it.o
    0x0800186a   0x00000008   Code   RO          206    i.SetSysClock       system_stm32f10x.o
    0x08001872   0x00000002   PAD
    0x08001874   0x000000e0   Code   RO          207    i.SetSysClockTo72   system_stm32f10x.o
    0x08001954   0x00000028   Code   RO          244    i.SysTick_CLKSourceConfig  misc.o
    0x0800197c   0x00000002   Code   RO          132    i.SysTick_Handler   stm32f10x_it.o
    0x0800197e   0x00000002   PAD
    0x08001980   0x00000060   Code   RO          209    i.SystemInit        system_stm32f10x.o
    0x080019e0   0x0000003c   Code   RO         3582    i.TIM4_IRQHandler   usmart.o
    0x08001a1c   0x00000018   Code   RO         2441    i.TIM_Cmd           stm32f10x_tim.o
    0x08001a34   0x00000012   Code   RO         2466    i.TIM_ITConfig      stm32f10x_tim.o
    0x08001a46   0x00000002   PAD
    0x08001a48   0x000000a4   Code   RO         2512    i.TIM_TimeBaseInit  stm32f10x_tim.o
    0x08001aec   0x0000007c   Code   RO         3552    i.T_Adc_Init        tsensor.o
    0x08001b68   0x00000034   Code   RO         3553    i.T_Get_Adc         tsensor.o
    0x08001b9c   0x0000002e   Code   RO         3554    i.T_Get_Adc_Average  tsensor.o
    0x08001bca   0x00000002   PAD
    0x08001bcc   0x0000005c   Code   RO         3583    i.Timer4_Init       usmart.o
    0x08001c28   0x00000088   Code   RO         3261    i.USART1_IRQHandler  usart.o
    0x08001cb0   0x00000018   Code   RO         2977    i.USART_Cmd         stm32f10x_usart.o
    0x08001cc8   0x00000054   Code   RO         2981    i.USART_GetITStatus  stm32f10x_usart.o
    0x08001d1c   0x0000004a   Code   RO         2983    i.USART_ITConfig    stm32f10x_usart.o
    0x08001d66   0x00000002   PAD
    0x08001d68   0x000000d8   Code   RO         2984    i.USART_Init        stm32f10x_usart.o
    0x08001e40   0x0000000a   Code   RO         2991    i.USART_ReceiveData  stm32f10x_usart.o
    0x08001e4a   0x00000004   Code   RO          133    i.UsageFault_Handler  stm32f10x_it.o
    0x08001e4e   0x0000000e   Code   RO         3797    i._is_digit         c_w.l(__printf_wp.o)
    0x08001e5c   0x00000004   Code   RO         3262    i._sys_exit         usart.o
    0x08001e60   0x00000044   Code   RO         3207    i.delay_init        delay.o
    0x08001ea4   0x0000004c   Code   RO         3208    i.delay_ms          delay.o
    0x08001ef0   0x0000004c   Code   RO         3209    i.delay_us          delay.o
    0x08001f3c   0x0000001c   Code   RO         3263    i.fputc             usart.o
    0x08001f58   0x000001dc   Code   RO            1    i.main              main.o
    0x08002134   0x0000000e   Code   RO         3372    i.opt_delay         tftlcd.o
    0x08002142   0x00000006   Code   RO         3584    i.read_addr         usmart.o
    0x08002148   0x000000a0   Code   RO         3264    i.uart_init         usart.o
    0x080021e8   0x000000b0   Code   RO         3585    i.usmart_cmd_rec    usmart.o
    0x08002298   0x000002d8   Code   RO         3586    i.usmart_exe        usmart.o
    0x08002570   0x000000c8   Code   RO         3678    i.usmart_get_aparm  usmart_str.o
    0x08002638   0x00000036   Code   RO         3679    i.usmart_get_cmdname  usmart_str.o
    0x0800266e   0x00000002   PAD
    0x08002670   0x000001c0   Code   RO         3680    i.usmart_get_fname  usmart_str.o
    0x08002830   0x0000010c   Code   RO         3681    i.usmart_get_fparam  usmart_str.o
    0x0800293c   0x00000020   Code   RO         3682    i.usmart_get_parmpos  usmart_str.o
    0x0800295c   0x00000040   Code   RO         3587    i.usmart_get_runtime  usmart.o
    0x0800299c   0x00000028   Code   RO         3588    i.usmart_init       usmart.o
    0x080029c4   0x00000016   Code   RO         3683    i.usmart_pow        usmart_str.o
    0x080029da   0x00000002   PAD
    0x080029dc   0x00000030   Code   RO         3589    i.usmart_reset_runtime  usmart.o
    0x08002a0c   0x000000bc   Code   RO         3590    i.usmart_scan       usmart.o
    0x08002ac8   0x00000016   Code   RO         3684    i.usmart_search_nextc  usmart_str.o
    0x08002ade   0x000000ca   Code   RO         3685    i.usmart_str2num    usmart_str.o
    0x08002ba8   0x00000022   Code   RO         3686    i.usmart_strcmp     usmart_str.o
    0x08002bca   0x00000016   Code   RO         3687    i.usmart_strcopy    usmart_str.o
    0x08002be0   0x00000018   Code   RO         3688    i.usmart_strlen     usmart_str.o
    0x08002bf8   0x000006e4   Code   RO         3591    i.usmart_sys_cmd_exe  usmart.o
    0x080032dc   0x00000004   Code   RO         3592    i.write_addr        usmart.o
    0x080032e0   0x00000062   Code   RO         3817    x$fpl$d2f           fz_ws.l(d2f.o)
    0x08003342   0x00000002   PAD
    0x08003344   0x00000150   Code   RO         3819    x$fpl$dadd          fz_ws.l(daddsub_clz.o)
    0x08003494   0x000002b0   Code   RO         3826    x$fpl$ddiv          fz_ws.l(ddiv.o)
    0x08003744   0x00000154   Code   RO         3839    x$fpl$dmul          fz_ws.l(dmul.o)
    0x08003898   0x0000009c   Code   RO         3871    x$fpl$dnaninf       fz_ws.l(dnaninf.o)
    0x08003934   0x0000000c   Code   RO         3873    x$fpl$dretinf       fz_ws.l(dretinf.o)
    0x08003940   0x00000016   Code   RO         3820    x$fpl$drsb          fz_ws.l(daddsub_clz.o)
    0x08003956   0x00000002   PAD
    0x08003958   0x000001d4   Code   RO         3821    x$fpl$dsub          fz_ws.l(daddsub_clz.o)
    0x08003b2c   0x00000056   Code   RO         3841    x$fpl$f2d           fz_ws.l(f2d.o)
    0x08003b82   0x00000002   PAD
    0x08003b84   0x000000c4   Code   RO         3843    x$fpl$fadd          fz_ws.l(faddsub_clz.o)
    0x08003c48   0x0000003e   Code   RO         3849    x$fpl$ffixu         fz_ws.l(ffixu.o)
    0x08003c86   0x00000002   PAD
    0x08003c88   0x00000026   Code   RO         3853    x$fpl$ffltu         fz_ws.l(fflt_clz.o)
    0x08003cae   0x00000002   PAD
    0x08003cb0   0x00000102   Code   RO         3859    x$fpl$fmul          fz_ws.l(fmul.o)
    0x08003db2   0x0000008c   Code   RO         3875    x$fpl$fnaninf       fz_ws.l(fnaninf.o)
    0x08003e3e   0x0000000a   Code   RO         3877    x$fpl$fretinf       fz_ws.l(fretinf.o)
    0x08003e48   0x00000014   Code   RO         3844    x$fpl$frsb          fz_ws.l(faddsub_clz.o)
    0x08003e5c   0x000000ea   Code   RO         3845    x$fpl$fsub          fz_ws.l(faddsub_clz.o)
    0x08003f46   0x00000000   Code   RO         3879    x$fpl$usenofp       fz_ws.l(usenofp.o)
    0x08003f46   0x000017c0   Data   RO         3374    .constdata          tftlcd.o
    0x08005706   0x00000028   Data   RO         3770    .constdata          c_w.l(_printf_hex_int.o)
    0x0800572e   0x00000011   Data   RO         3805    .constdata          c_w.l(__printf_flags_ss_wp.o)
    0x0800573f   0x00000001   PAD
    0x08005740   0x00000028   Data   RO         3593    .conststring        usmart.o
    0x08005768   0x0000006b   Data   RO         3665    .conststring        usmart_config.o
    0x080057d3   0x00000001   PAD
    0x080057d4   0x00000020   Data   RO         4035    Region$$Table       anon$$obj.o


    Execution Region RW_IRAM1 (Base: 0x20000000, Size: 0x000008a0, Max: 0x0000c000, ABSOLUTE, COMPRESSED[0x00000064])

    Base Addr    Size         Type   Attr      Idx    E Section Name        Object

    0x20000000   0x00000014   Data   RW          210    .data               system_stm32f10x.o
    0x20000014   0x00000014   Data   RW         1837    .data               stm32f10x_rcc.o
    0x20000028   0x00000004   Data   RW         3210    .data               delay.o
    0x2000002c   0x00000006   Data   RW         3266    .data               usart.o
    0x20000032   0x00000004   Data   RW         3375    .data               tftlcd.o
    0x20000036   0x00000002   PAD
    0x20000038   0x0000001c   Data   RW         3594    .data               usmart.o
    0x20000054   0x00000114   Data   RW         3666    .data               usmart_config.o
    0x20000168   0x000000c8   Zero   RW         3265    .bss                usart.o
    0x20000230   0x0000000e   Zero   RW         3373    .bss                tftlcd.o
    0x2000023e   0x00000002   PAD
    0x20000240   0x00000060   Zero   RW         3914    .bss                c_w.l(libspace.o)
    0x200002a0   0x00000200   Zero   RW          200    HEAP                startup_stm32f10x_md.o
    0x200004a0   0x00000400   Zero   RW          199    STACK               startup_stm32f10x_md.o


==============================================================================

Image component sizes


      Code (inc. data)   RO Data    RW Data    ZI Data      Debug   Object Name

         0          0          0          0          0         32   core_cm3.o
       220         26          0          4          0       1631   delay.o
       476         86          0          0          0     262151   main.o
       152         12          0          0          0       1406   misc.o
        64         26        236          0       1536        784   startup_stm32f10x_md.o
       522         30          0          0          0       8501   stm32f10x_adc.o
       426          6          0          0          0       3137   stm32f10x_gpio.o
        26          0          0          0          0       3710   stm32f10x_it.o
       332         44          0         20          0       5258   stm32f10x_rcc.o
       206         42          0          0          0       2144   stm32f10x_tim.o
       408          6          0          0          0       4698   stm32f10x_usart.o
       328         28          0         20          0       2089   system_stm32f10x.o
      3080        168       6080          4         14      13508   tftlcd.o
       222         10          0          0          0       1701   tsensor.o
       328         26          0          6        200       3988   usart.o
      3170       1332         40         28          0       7262   usmart.o
         0          0        107        276          0       1532   usmart_config.o
      1328         20          0          0          0       8085   usmart_str.o

    ----------------------------------------------------------------------
     11314       1862       6496        360       1752     331617   Object Totals
         0          0         32          0          0          0   (incl. Generated)
        26          0          1          2          2          0   (incl. Padding)

    ----------------------------------------------------------------------

      Code (inc. data)   RO Data    RW Data    ZI Data      Debug   Library Member Name

        90          0          0          0          0          0   __dczerorl2.o
         8          0          0          0          0         68   __main.o
       392          4         17          0          0         92   __printf_flags_ss_wp.o
        14          0          0          0          0         68   __printf_wp.o
         0          0          0          0          0          0   __rtentry.o
        12          0          0          0          0          0   __rtentry2.o
         6          0          0          0          0          0   __rtentry4.o
        52          8          0          0          0          0   __scatter.o
        28          0          0          0          0          0   __scatter_zi.o
         6          0          0          0          0          0   _printf_c.o
        44          0          0          0          0        108   _printf_char.o
        48          6          0          0          0         96   _printf_char_common.o
        36          4          0          0          0         80   _printf_char_file.o
         6          0          0          0          0          0   _printf_d.o
       120         16          0          0          0         92   _printf_dec.o
        88          4         40          0          0         88   _printf_hex_int.o
       178          0          0          0          0         88   _printf_intcommon.o
        78          0          0          0          0        108   _printf_pad.o
         0          0          0          0          0          0   _printf_percent.o
         4          0          0          0          0          0   _printf_percent_end.o
         6          0          0          0          0          0   _printf_s.o
        82          0          0          0          0         80   _printf_str.o
         6          0          0          0          0          0   _printf_u.o
         6          0          0          0          0          0   _printf_x.o
        12          0          0          0          0         72   exit.o
         8          0          0          0          0         68   ferror.o
         6          0          0          0          0        152   heapauxi.o
         2          0          0          0          0          0   libinit.o
         2          0          0          0          0          0   libinit2.o
         2          0          0          0          0          0   libshutdown.o
         2          0          0          0          0          0   libshutdown2.o
         8          4          0          0         96         68   libspace.o
        24          4          0          0          0         84   noretval__2printf.o
         2          0          0          0          0          0   rtexit.o
        10          0          0          0          0          0   rtexit2.o
        74          0          0          0          0         80   sys_stackheap_outer.o
         2          0          0          0          0         68   use_no_semi.o
         2          0          0          0          0         68   use_no_semi_2.o
        98          4          0          0          0         92   d2f.o
       826         16          0          0          0        348   daddsub_clz.o
       688        140          0          0          0        208   ddiv.o
       340         12          0          0          0        104   dmul.o
       156          4          0          0          0         92   dnaninf.o
        12          0          0          0          0         68   dretinf.o
        86          4          0          0          0         84   f2d.o
       450          8          0          0          0        236   faddsub_clz.o
        62          4          0          0          0         84   ffixu.o
        38          0          0          0          0         68   fflt_clz.o
       258          4          0          0          0         84   fmul.o
       140          4          0          0          0         84   fnaninf.o
        10          0          0          0          0         68   fretinf.o
         0          0          0          0          0          0   usenofp.o

    ----------------------------------------------------------------------
      4648        250         58          0         96       3248   Library Totals
        18          0          1          0          0          0   (incl. Padding)

    ----------------------------------------------------------------------

      Code (inc. data)   RO Data    RW Data    ZI Data      Debug   Library Name

      1466         50         57          0         96       1628   c_w.l
      3164        200          0          0          0       1620   fz_ws.l

    ----------------------------------------------------------------------
      4648        250         58          0         96       3248   Library Totals

    ----------------------------------------------------------------------

==============================================================================


      Code (inc. data)   RO Data    RW Data    ZI Data      Debug   

     15962       2112       6554        360       1848     328725   Grand Totals
     15962       2112       6554        100       1848     328725   ELF Image Totals (compressed)
     15962       2112       6554        100          0          0   ROM Totals

==============================================================================

    Total RO  Size (Code + RO Data)                22516 (  21.99kB)
    Total RW  Size (RW Data + ZI Data)              2208 (   2.16kB)
    Total ROM Size (Code + RO Data + RW Data)      22616 (  22.09kB)

==============================================================================

